<?xml version="1.0"?>
<link_info>
   <banner>MSP430 Linker Unix v16.9.4.LTS</banner>
   <copyright>Copyright (c) 2003-2017 Texas Instruments Incorporated</copyright>
   <link_time>0x5ab8df66</link_time>
   <link_errors>0x0</link_errors>
   <output_file>Interpreter.out</output_file>
   <entry_point>
      <name>_c_int00_noargs_noexit</name>
      <address>0xb4c8</address>
   </entry_point>
   <input_file_list>
      <input_file id="fl-2">
         <path>./</path>
         <kind>object</kind>
         <file>Bytes.obj</file>
         <name>Bytes.obj</name>
      </input_file>
      <input_file id="fl-3">
         <path>./</path>
         <kind>object</kind>
         <file>interpreter.obj</file>
         <name>interpreter.obj</name>
      </input_file>
      <input_file id="fl-4">
         <path>./</path>
         <kind>object</kind>
         <file>main.obj</file>
         <name>main.obj</name>
      </input_file>
      <input_file id="fl-25">
         <path>/home/tim/ti/ccsv7/tools/compiler/ti-cgt-msp430_16.9.4.LTS/lib/</path>
         <kind>archive</kind>
         <file>rts430_eabi.lib</file>
         <name>copy_decompress_lzss.obj</name>
      </input_file>
      <input_file id="fl-26">
         <path>/home/tim/ti/ccsv7/tools/compiler/ti-cgt-msp430_16.9.4.LTS/lib/</path>
         <kind>archive</kind>
         <file>rts430_eabi.lib</file>
         <name>copy_decompress_none.obj</name>
      </input_file>
      <input_file id="fl-44">
         <path>/home/tim/ti/ccsv7/tools/compiler/ti-cgt-msp430_16.9.4.LTS/lib/</path>
         <kind>archive</kind>
         <file>rts430_eabi.lib</file>
         <name>copy_zero_init.obj</name>
      </input_file>
      <input_file id="fl-45">
         <path>/home/tim/ti/ccsv7/tools/compiler/ti-cgt-msp430_16.9.4.LTS/lib/</path>
         <kind>archive</kind>
         <file>rts430_eabi.lib</file>
         <name>addd.obj</name>
      </input_file>
      <input_file id="fl-46">
         <path>/home/tim/ti/ccsv7/tools/compiler/ti-cgt-msp430_16.9.4.LTS/lib/</path>
         <kind>archive</kind>
         <file>rts430_eabi.lib</file>
         <name>frcaddd.obj</name>
      </input_file>
      <input_file id="fl-47">
         <path>/home/tim/ti/ccsv7/tools/compiler/ti-cgt-msp430_16.9.4.LTS/lib/</path>
         <kind>archive</kind>
         <file>rts430_eabi.lib</file>
         <name>renormd.obj</name>
      </input_file>
      <input_file id="fl-49">
         <path>/home/tim/ti/ccsv7/tools/compiler/ti-cgt-msp430_16.9.4.LTS/lib/</path>
         <kind>archive</kind>
         <file>rts430_eabi.lib</file>
         <name>cmpd.obj</name>
      </input_file>
      <input_file id="fl-4b">
         <path>/home/tim/ti/ccsv7/tools/compiler/ti-cgt-msp430_16.9.4.LTS/lib/</path>
         <kind>archive</kind>
         <file>rts430_eabi.lib</file>
         <name>cvtdf.obj</name>
      </input_file>
      <input_file id="fl-4c">
         <path>/home/tim/ti/ccsv7/tools/compiler/ti-cgt-msp430_16.9.4.LTS/lib/</path>
         <kind>archive</kind>
         <file>rts430_eabi.lib</file>
         <name>cvtfd.obj</name>
      </input_file>
      <input_file id="fl-4d">
         <path>/home/tim/ti/ccsv7/tools/compiler/ti-cgt-msp430_16.9.4.LTS/lib/</path>
         <kind>archive</kind>
         <file>rts430_eabi.lib</file>
         <name>divd.obj</name>
      </input_file>
      <input_file id="fl-4e">
         <path>/home/tim/ti/ccsv7/tools/compiler/ti-cgt-msp430_16.9.4.LTS/lib/</path>
         <kind>archive</kind>
         <file>rts430_eabi.lib</file>
         <name>frcdivd.obj</name>
      </input_file>
      <input_file id="fl-52">
         <path>/home/tim/ti/ccsv7/tools/compiler/ti-cgt-msp430_16.9.4.LTS/lib/</path>
         <kind>archive</kind>
         <file>rts430_eabi.lib</file>
         <name>div64s.obj</name>
      </input_file>
      <input_file id="fl-55">
         <path>/home/tim/ti/ccsv7/tools/compiler/ti-cgt-msp430_16.9.4.LTS/lib/</path>
         <kind>archive</kind>
         <file>rts430_eabi.lib</file>
         <name>div64u.obj</name>
      </input_file>
      <input_file id="fl-56">
         <path>/home/tim/ti/ccsv7/tools/compiler/ti-cgt-msp430_16.9.4.LTS/lib/</path>
         <kind>archive</kind>
         <file>rts430_eabi.lib</file>
         <name>fixdlli.obj</name>
      </input_file>
      <input_file id="fl-57">
         <path>/home/tim/ti/ccsv7/tools/compiler/ti-cgt-msp430_16.9.4.LTS/lib/</path>
         <kind>archive</kind>
         <file>rts430_eabi.lib</file>
         <name>fixdul.obj</name>
      </input_file>
      <input_file id="fl-58">
         <path>/home/tim/ti/ccsv7/tools/compiler/ti-cgt-msp430_16.9.4.LTS/lib/</path>
         <kind>archive</kind>
         <file>rts430_eabi.lib</file>
         <name>fixdull.obj</name>
      </input_file>
      <input_file id="fl-5a">
         <path>/home/tim/ti/ccsv7/tools/compiler/ti-cgt-msp430_16.9.4.LTS/lib/</path>
         <kind>archive</kind>
         <file>rts430_eabi.lib</file>
         <name>fixfull.obj</name>
      </input_file>
      <input_file id="fl-5b">
         <path>/home/tim/ti/ccsv7/tools/compiler/ti-cgt-msp430_16.9.4.LTS/lib/</path>
         <kind>archive</kind>
         <file>rts430_eabi.lib</file>
         <name>fltlid.obj</name>
      </input_file>
      <input_file id="fl-5d">
         <path>/home/tim/ti/ccsv7/tools/compiler/ti-cgt-msp430_16.9.4.LTS/lib/</path>
         <kind>archive</kind>
         <file>rts430_eabi.lib</file>
         <name>fltllid.obj</name>
      </input_file>
      <input_file id="fl-5e">
         <path>/home/tim/ti/ccsv7/tools/compiler/ti-cgt-msp430_16.9.4.LTS/lib/</path>
         <kind>archive</kind>
         <file>rts430_eabi.lib</file>
         <name>fltuld.obj</name>
      </input_file>
      <input_file id="fl-61">
         <path>/home/tim/ti/ccsv7/tools/compiler/ti-cgt-msp430_16.9.4.LTS/lib/</path>
         <kind>archive</kind>
         <file>rts430_eabi.lib</file>
         <name>mpyd.obj</name>
      </input_file>
      <input_file id="fl-62">
         <path>/home/tim/ti/ccsv7/tools/compiler/ti-cgt-msp430_16.9.4.LTS/lib/</path>
         <kind>archive</kind>
         <file>rts430_eabi.lib</file>
         <name>frcmpyd.obj</name>
      </input_file>
      <input_file id="fl-6d">
         <path>/home/tim/ti/ccsv7/tools/compiler/ti-cgt-msp430_16.9.4.LTS/lib/</path>
         <kind>archive</kind>
         <file>rts430_eabi.lib</file>
         <name>negd.obj</name>
      </input_file>
      <input_file id="fl-71">
         <path>/home/tim/ti/ccsv7/tools/compiler/ti-cgt-msp430_16.9.4.LTS/lib/</path>
         <kind>archive</kind>
         <file>rts430_eabi.lib</file>
         <name>lsl64.obj</name>
      </input_file>
      <input_file id="fl-74">
         <path>/home/tim/ti/ccsv7/tools/compiler/ti-cgt-msp430_16.9.4.LTS/lib/</path>
         <kind>archive</kind>
         <file>rts430_eabi.lib</file>
         <name>asr64.obj</name>
      </input_file>
      <input_file id="fl-77">
         <path>/home/tim/ti/ccsv7/tools/compiler/ti-cgt-msp430_16.9.4.LTS/lib/</path>
         <kind>archive</kind>
         <file>rts430_eabi.lib</file>
         <name>lsr64.obj</name>
      </input_file>
      <input_file id="fl-78">
         <path>/home/tim/ti/ccsv7/tools/compiler/ti-cgt-msp430_16.9.4.LTS/lib/</path>
         <kind>archive</kind>
         <file>rts430_eabi.lib</file>
         <name>subd.obj</name>
      </input_file>
      <input_file id="fl-7d">
         <path>/home/tim/ti/ccsv7/tools/compiler/ti-cgt-msp430_16.9.4.LTS/lib/</path>
         <kind>archive</kind>
         <file>rts430_eabi.lib</file>
         <name>mpu_init.obj</name>
      </input_file>
      <input_file id="fl-7e">
         <path>/home/tim/ti/ccsv7/tools/compiler/ti-cgt-msp430_16.9.4.LTS/lib/</path>
         <kind>archive</kind>
         <file>rts430_eabi.lib</file>
         <name>startup.obj</name>
      </input_file>
      <input_file id="fl-7f">
         <path>/home/tim/ti/ccsv7/tools/compiler/ti-cgt-msp430_16.9.4.LTS/lib/</path>
         <kind>archive</kind>
         <file>rts430_eabi.lib</file>
         <name>pre_init.obj</name>
      </input_file>
      <input_file id="fl-81">
         <path>/home/tim/ti/ccsv7/tools/compiler/ti-cgt-msp430_16.9.4.LTS/lib/</path>
         <kind>archive</kind>
         <file>rts430_eabi.lib</file>
         <name>exit_gvars.obj</name>
      </input_file>
      <input_file id="fl-82">
         <path>/home/tim/ti/ccsv7/tools/compiler/ti-cgt-msp430_16.9.4.LTS/lib/</path>
         <kind>archive</kind>
         <file>rts430_eabi.lib</file>
         <name>_lock.obj</name>
      </input_file>
      <input_file id="fl-83">
         <path>/home/tim/ti/ccsv7/tools/compiler/ti-cgt-msp430_16.9.4.LTS/lib/</path>
         <kind>archive</kind>
         <file>rts430_eabi.lib</file>
         <name>cpy_tbl.obj</name>
      </input_file>
      <input_file id="fl-84">
         <path>/home/tim/ti/ccsv7/tools/compiler/ti-cgt-msp430_16.9.4.LTS/lib/</path>
         <kind>archive</kind>
         <file>rts430_eabi.lib</file>
         <name>memory.obj</name>
      </input_file>
      <input_file id="fl-85">
         <path>/home/tim/ti/ccsv7/tools/compiler/ti-cgt-msp430_16.9.4.LTS/lib/</path>
         <kind>archive</kind>
         <file>rts430_eabi.lib</file>
         <name>llabs.obj</name>
      </input_file>
      <input_file id="fl-86">
         <path>/home/tim/ti/ccsv7/tools/compiler/ti-cgt-msp430_16.9.4.LTS/lib/</path>
         <kind>archive</kind>
         <file>rts430_eabi.lib</file>
         <name>memcpy.obj</name>
      </input_file>
      <input_file id="fl-88">
         <path>/tmp/</path>
         <kind>object</kind>
         <file>TI3jaMkadDD</file>
         <name>TI3jaMkadDD</name>
      </input_file>
      <input_file id="fl-a">
         <kind>object</kind>
         <file>&lt;internal&gt;</file>
         <name>&lt;internal&gt;</name>
      </input_file>
      <input_file id="fl-27">
         <path>/home/tim/ti/ccsv7/tools/compiler/ti-cgt-msp430_16.9.4.LTS/lib/</path>
         <kind>archive</kind>
         <file>rts430_eabi.lib</file>
         <name>int27.obj</name>
      </input_file>
      <input_file id="fl-28">
         <path>/home/tim/ti/ccsv7/tools/compiler/ti-cgt-msp430_16.9.4.LTS/lib/</path>
         <kind>archive</kind>
         <file>rts430_eabi.lib</file>
         <name>isr_trap.obj</name>
      </input_file>
      <input_file id="fl-29">
         <path>/home/tim/ti/ccsv7/tools/compiler/ti-cgt-msp430_16.9.4.LTS/lib/</path>
         <kind>archive</kind>
         <file>rts430_eabi.lib</file>
         <name>int28.obj</name>
      </input_file>
      <input_file id="fl-2a">
         <path>/home/tim/ti/ccsv7/tools/compiler/ti-cgt-msp430_16.9.4.LTS/lib/</path>
         <kind>archive</kind>
         <file>rts430_eabi.lib</file>
         <name>int29.obj</name>
      </input_file>
      <input_file id="fl-2b">
         <path>/home/tim/ti/ccsv7/tools/compiler/ti-cgt-msp430_16.9.4.LTS/lib/</path>
         <kind>archive</kind>
         <file>rts430_eabi.lib</file>
         <name>int30.obj</name>
      </input_file>
      <input_file id="fl-2c">
         <path>/home/tim/ti/ccsv7/tools/compiler/ti-cgt-msp430_16.9.4.LTS/lib/</path>
         <kind>archive</kind>
         <file>rts430_eabi.lib</file>
         <name>int31.obj</name>
      </input_file>
      <input_file id="fl-2d">
         <path>/home/tim/ti/ccsv7/tools/compiler/ti-cgt-msp430_16.9.4.LTS/lib/</path>
         <kind>archive</kind>
         <file>rts430_eabi.lib</file>
         <name>int32.obj</name>
      </input_file>
      <input_file id="fl-2e">
         <path>/home/tim/ti/ccsv7/tools/compiler/ti-cgt-msp430_16.9.4.LTS/lib/</path>
         <kind>archive</kind>
         <file>rts430_eabi.lib</file>
         <name>int33.obj</name>
      </input_file>
      <input_file id="fl-2f">
         <path>/home/tim/ti/ccsv7/tools/compiler/ti-cgt-msp430_16.9.4.LTS/lib/</path>
         <kind>archive</kind>
         <file>rts430_eabi.lib</file>
         <name>int34.obj</name>
      </input_file>
      <input_file id="fl-30">
         <path>/home/tim/ti/ccsv7/tools/compiler/ti-cgt-msp430_16.9.4.LTS/lib/</path>
         <kind>archive</kind>
         <file>rts430_eabi.lib</file>
         <name>int35.obj</name>
      </input_file>
      <input_file id="fl-31">
         <path>/home/tim/ti/ccsv7/tools/compiler/ti-cgt-msp430_16.9.4.LTS/lib/</path>
         <kind>archive</kind>
         <file>rts430_eabi.lib</file>
         <name>int36.obj</name>
      </input_file>
      <input_file id="fl-32">
         <path>/home/tim/ti/ccsv7/tools/compiler/ti-cgt-msp430_16.9.4.LTS/lib/</path>
         <kind>archive</kind>
         <file>rts430_eabi.lib</file>
         <name>int37.obj</name>
      </input_file>
      <input_file id="fl-33">
         <path>/home/tim/ti/ccsv7/tools/compiler/ti-cgt-msp430_16.9.4.LTS/lib/</path>
         <kind>archive</kind>
         <file>rts430_eabi.lib</file>
         <name>int38.obj</name>
      </input_file>
      <input_file id="fl-34">
         <path>/home/tim/ti/ccsv7/tools/compiler/ti-cgt-msp430_16.9.4.LTS/lib/</path>
         <kind>archive</kind>
         <file>rts430_eabi.lib</file>
         <name>int39.obj</name>
      </input_file>
      <input_file id="fl-35">
         <path>/home/tim/ti/ccsv7/tools/compiler/ti-cgt-msp430_16.9.4.LTS/lib/</path>
         <kind>archive</kind>
         <file>rts430_eabi.lib</file>
         <name>int40.obj</name>
      </input_file>
      <input_file id="fl-36">
         <path>/home/tim/ti/ccsv7/tools/compiler/ti-cgt-msp430_16.9.4.LTS/lib/</path>
         <kind>archive</kind>
         <file>rts430_eabi.lib</file>
         <name>int41.obj</name>
      </input_file>
      <input_file id="fl-37">
         <path>/home/tim/ti/ccsv7/tools/compiler/ti-cgt-msp430_16.9.4.LTS/lib/</path>
         <kind>archive</kind>
         <file>rts430_eabi.lib</file>
         <name>int42.obj</name>
      </input_file>
      <input_file id="fl-38">
         <path>/home/tim/ti/ccsv7/tools/compiler/ti-cgt-msp430_16.9.4.LTS/lib/</path>
         <kind>archive</kind>
         <file>rts430_eabi.lib</file>
         <name>int43.obj</name>
      </input_file>
      <input_file id="fl-39">
         <path>/home/tim/ti/ccsv7/tools/compiler/ti-cgt-msp430_16.9.4.LTS/lib/</path>
         <kind>archive</kind>
         <file>rts430_eabi.lib</file>
         <name>int44.obj</name>
      </input_file>
      <input_file id="fl-3a">
         <path>/home/tim/ti/ccsv7/tools/compiler/ti-cgt-msp430_16.9.4.LTS/lib/</path>
         <kind>archive</kind>
         <file>rts430_eabi.lib</file>
         <name>int45.obj</name>
      </input_file>
      <input_file id="fl-3b">
         <path>/home/tim/ti/ccsv7/tools/compiler/ti-cgt-msp430_16.9.4.LTS/lib/</path>
         <kind>archive</kind>
         <file>rts430_eabi.lib</file>
         <name>int46.obj</name>
      </input_file>
      <input_file id="fl-3c">
         <path>/home/tim/ti/ccsv7/tools/compiler/ti-cgt-msp430_16.9.4.LTS/lib/</path>
         <kind>archive</kind>
         <file>rts430_eabi.lib</file>
         <name>int47.obj</name>
      </input_file>
      <input_file id="fl-3d">
         <path>/home/tim/ti/ccsv7/tools/compiler/ti-cgt-msp430_16.9.4.LTS/lib/</path>
         <kind>archive</kind>
         <file>rts430_eabi.lib</file>
         <name>int48.obj</name>
      </input_file>
      <input_file id="fl-3e">
         <path>/home/tim/ti/ccsv7/tools/compiler/ti-cgt-msp430_16.9.4.LTS/lib/</path>
         <kind>archive</kind>
         <file>rts430_eabi.lib</file>
         <name>int49.obj</name>
      </input_file>
      <input_file id="fl-3f">
         <path>/home/tim/ti/ccsv7/tools/compiler/ti-cgt-msp430_16.9.4.LTS/lib/</path>
         <kind>archive</kind>
         <file>rts430_eabi.lib</file>
         <name>int50.obj</name>
      </input_file>
      <input_file id="fl-40">
         <path>/home/tim/ti/ccsv7/tools/compiler/ti-cgt-msp430_16.9.4.LTS/lib/</path>
         <kind>archive</kind>
         <file>rts430_eabi.lib</file>
         <name>int51.obj</name>
      </input_file>
      <input_file id="fl-41">
         <path>/home/tim/ti/ccsv7/tools/compiler/ti-cgt-msp430_16.9.4.LTS/lib/</path>
         <kind>archive</kind>
         <file>rts430_eabi.lib</file>
         <name>int52.obj</name>
      </input_file>
      <input_file id="fl-42">
         <path>/home/tim/ti/ccsv7/tools/compiler/ti-cgt-msp430_16.9.4.LTS/lib/</path>
         <kind>archive</kind>
         <file>rts430_eabi.lib</file>
         <name>int53.obj</name>
      </input_file>
      <input_file id="fl-43">
         <path>/home/tim/ti/ccsv7/tools/compiler/ti-cgt-msp430_16.9.4.LTS/lib/</path>
         <kind>archive</kind>
         <file>rts430_eabi.lib</file>
         <name>int54.obj</name>
      </input_file>
      <input_file id="fl-48">
         <path>/home/tim/ti/ccsv7/tools/compiler/ti-cgt-msp430_16.9.4.LTS/lib/</path>
         <kind>archive</kind>
         <file>rts430_eabi.lib</file>
         <name>fs_add.obj</name>
      </input_file>
      <input_file id="fl-4a">
         <path>/home/tim/ti/ccsv7/tools/compiler/ti-cgt-msp430_16.9.4.LTS/lib/</path>
         <kind>archive</kind>
         <file>rts430_eabi.lib</file>
         <name>fs_cmp.obj</name>
      </input_file>
      <input_file id="fl-4f">
         <path>/home/tim/ti/ccsv7/tools/compiler/ti-cgt-msp430_16.9.4.LTS/lib/</path>
         <kind>archive</kind>
         <file>rts430_eabi.lib</file>
         <name>fs_div.obj</name>
      </input_file>
      <input_file id="fl-50">
         <path>/home/tim/ti/ccsv7/tools/compiler/ti-cgt-msp430_16.9.4.LTS/lib/</path>
         <kind>archive</kind>
         <file>rts430_eabi.lib</file>
         <name>div16s.obj</name>
      </input_file>
      <input_file id="fl-51">
         <path>/home/tim/ti/ccsv7/tools/compiler/ti-cgt-msp430_16.9.4.LTS/lib/</path>
         <kind>archive</kind>
         <file>rts430_eabi.lib</file>
         <name>div32s.obj</name>
      </input_file>
      <input_file id="fl-53">
         <path>/home/tim/ti/ccsv7/tools/compiler/ti-cgt-msp430_16.9.4.LTS/lib/</path>
         <kind>archive</kind>
         <file>rts430_eabi.lib</file>
         <name>div16u.obj</name>
      </input_file>
      <input_file id="fl-54">
         <path>/home/tim/ti/ccsv7/tools/compiler/ti-cgt-msp430_16.9.4.LTS/lib/</path>
         <kind>archive</kind>
         <file>rts430_eabi.lib</file>
         <name>div32u.obj</name>
      </input_file>
      <input_file id="fl-59">
         <path>/home/tim/ti/ccsv7/tools/compiler/ti-cgt-msp430_16.9.4.LTS/lib/</path>
         <kind>archive</kind>
         <file>rts430_eabi.lib</file>
         <name>fs_tol.obj</name>
      </input_file>
      <input_file id="fl-5c">
         <path>/home/tim/ti/ccsv7/tools/compiler/ti-cgt-msp430_16.9.4.LTS/lib/</path>
         <kind>archive</kind>
         <file>rts430_eabi.lib</file>
         <name>fs_ltof.obj</name>
      </input_file>
      <input_file id="fl-5f">
         <path>/home/tim/ti/ccsv7/tools/compiler/ti-cgt-msp430_16.9.4.LTS/lib/</path>
         <kind>archive</kind>
         <file>rts430_eabi.lib</file>
         <name>fs_ultof.obj</name>
      </input_file>
      <input_file id="fl-60">
         <path>/home/tim/ti/ccsv7/tools/compiler/ti-cgt-msp430_16.9.4.LTS/lib/</path>
         <kind>archive</kind>
         <file>rts430_eabi.lib</file>
         <name>epilog.obj</name>
      </input_file>
      <input_file id="fl-63">
         <path>/home/tim/ti/ccsv7/tools/compiler/ti-cgt-msp430_16.9.4.LTS/lib/</path>
         <kind>archive</kind>
         <file>rts430_eabi.lib</file>
         <name>fs_mpy.obj</name>
      </input_file>
      <input_file id="fl-64">
         <path>/home/tim/ti/ccsv7/tools/compiler/ti-cgt-msp430_16.9.4.LTS/lib/</path>
         <kind>archive</kind>
         <file>rts430_eabi.lib</file>
         <name>mult16.obj</name>
      </input_file>
      <input_file id="fl-65">
         <path>/home/tim/ti/ccsv7/tools/compiler/ti-cgt-msp430_16.9.4.LTS/lib/</path>
         <kind>archive</kind>
         <file>rts430_eabi.lib</file>
         <name>mult16_f5hw.obj</name>
      </input_file>
      <input_file id="fl-66">
         <path>/home/tim/ti/ccsv7/tools/compiler/ti-cgt-msp430_16.9.4.LTS/lib/</path>
         <kind>archive</kind>
         <file>rts430_eabi.lib</file>
         <name>mult32.obj</name>
      </input_file>
      <input_file id="fl-67">
         <path>/home/tim/ti/ccsv7/tools/compiler/ti-cgt-msp430_16.9.4.LTS/lib/</path>
         <kind>archive</kind>
         <file>rts430_eabi.lib</file>
         <name>mult32_f5hw.obj</name>
      </input_file>
      <input_file id="fl-68">
         <path>/home/tim/ti/ccsv7/tools/compiler/ti-cgt-msp430_16.9.4.LTS/lib/</path>
         <kind>archive</kind>
         <file>rts430_eabi.lib</file>
         <name>mult64.obj</name>
      </input_file>
      <input_file id="fl-69">
         <path>/home/tim/ti/ccsv7/tools/compiler/ti-cgt-msp430_16.9.4.LTS/lib/</path>
         <kind>archive</kind>
         <file>rts430_eabi.lib</file>
         <name>mult64_f5hw.obj</name>
      </input_file>
      <input_file id="fl-6a">
         <path>/home/tim/ti/ccsv7/tools/compiler/ti-cgt-msp430_16.9.4.LTS/lib/</path>
         <kind>archive</kind>
         <file>rts430_eabi.lib</file>
         <name>mult1632_f5hw.obj</name>
      </input_file>
      <input_file id="fl-6b">
         <path>/home/tim/ti/ccsv7/tools/compiler/ti-cgt-msp430_16.9.4.LTS/lib/</path>
         <kind>archive</kind>
         <file>rts430_eabi.lib</file>
         <name>mult3264_f5hw.obj</name>
      </input_file>
      <input_file id="fl-6c">
         <path>/home/tim/ti/ccsv7/tools/compiler/ti-cgt-msp430_16.9.4.LTS/lib/</path>
         <kind>archive</kind>
         <file>rts430_eabi.lib</file>
         <name>mult1632.obj</name>
      </input_file>
      <input_file id="fl-6e">
         <path>/home/tim/ti/ccsv7/tools/compiler/ti-cgt-msp430_16.9.4.LTS/lib/</path>
         <kind>archive</kind>
         <file>rts430_eabi.lib</file>
         <name>fs_neg.obj</name>
      </input_file>
      <input_file id="fl-6f">
         <path>/home/tim/ti/ccsv7/tools/compiler/ti-cgt-msp430_16.9.4.LTS/lib/</path>
         <kind>archive</kind>
         <file>rts430_eabi.lib</file>
         <name>lsl16.obj</name>
      </input_file>
      <input_file id="fl-70">
         <path>/home/tim/ti/ccsv7/tools/compiler/ti-cgt-msp430_16.9.4.LTS/lib/</path>
         <kind>archive</kind>
         <file>rts430_eabi.lib</file>
         <name>lsl32.obj</name>
      </input_file>
      <input_file id="fl-72">
         <path>/home/tim/ti/ccsv7/tools/compiler/ti-cgt-msp430_16.9.4.LTS/lib/</path>
         <kind>archive</kind>
         <file>rts430_eabi.lib</file>
         <name>asr16.obj</name>
      </input_file>
      <input_file id="fl-73">
         <path>/home/tim/ti/ccsv7/tools/compiler/ti-cgt-msp430_16.9.4.LTS/lib/</path>
         <kind>archive</kind>
         <file>rts430_eabi.lib</file>
         <name>asr32.obj</name>
      </input_file>
      <input_file id="fl-75">
         <path>/home/tim/ti/ccsv7/tools/compiler/ti-cgt-msp430_16.9.4.LTS/lib/</path>
         <kind>archive</kind>
         <file>rts430_eabi.lib</file>
         <name>lsr16.obj</name>
      </input_file>
      <input_file id="fl-76">
         <path>/home/tim/ti/ccsv7/tools/compiler/ti-cgt-msp430_16.9.4.LTS/lib/</path>
         <kind>archive</kind>
         <file>rts430_eabi.lib</file>
         <name>lsr32.obj</name>
      </input_file>
      <input_file id="fl-79">
         <path>/home/tim/ti/ccsv7/tools/compiler/ti-cgt-msp430_16.9.4.LTS/lib/</path>
         <kind>archive</kind>
         <file>rts430_eabi.lib</file>
         <name>boot.obj</name>
      </input_file>
      <input_file id="fl-7a">
         <path>/home/tim/ti/ccsv7/tools/compiler/ti-cgt-msp430_16.9.4.LTS/lib/</path>
         <kind>archive</kind>
         <file>rts430_eabi.lib</file>
         <name>args_main.obj</name>
      </input_file>
      <input_file id="fl-7b">
         <path>/home/tim/ti/ccsv7/tools/compiler/ti-cgt-msp430_16.9.4.LTS/lib/</path>
         <kind>archive</kind>
         <file>rts430_eabi.lib</file>
         <name>autoinit_wdt.obj</name>
      </input_file>
      <input_file id="fl-7c">
         <path>/home/tim/ti/ccsv7/tools/compiler/ti-cgt-msp430_16.9.4.LTS/lib/</path>
         <kind>archive</kind>
         <file>rts430_eabi.lib</file>
         <name>boot_special.obj</name>
      </input_file>
      <input_file id="fl-80">
         <path>/home/tim/ti/ccsv7/tools/compiler/ti-cgt-msp430_16.9.4.LTS/lib/</path>
         <kind>archive</kind>
         <file>rts430_eabi.lib</file>
         <name>exit.obj</name>
      </input_file>
      <input_file id="fl-89">
         <path>/home/tim/ti/ccsv7/tools/compiler/ti-cgt-msp430_16.9.4.LTS/lib/</path>
         <kind>archive</kind>
         <file>rts430_eabi.lib</file>
         <name>addd.obj</name>
      </input_file>
      <input_file id="fl-8a">
         <path>/home/tim/ti/ccsv7/tools/compiler/ti-cgt-msp430_16.9.4.LTS/lib/</path>
         <kind>archive</kind>
         <file>rts430_eabi.lib</file>
         <name>asr64.obj</name>
      </input_file>
      <input_file id="fl-8b">
         <path>/home/tim/ti/ccsv7/tools/compiler/ti-cgt-msp430_16.9.4.LTS/lib/</path>
         <kind>archive</kind>
         <file>rts430_eabi.lib</file>
         <name>cmpd.obj</name>
      </input_file>
      <input_file id="fl-8c">
         <path>/home/tim/ti/ccsv7/tools/compiler/ti-cgt-msp430_16.9.4.LTS/lib/</path>
         <kind>archive</kind>
         <file>rts430_eabi.lib</file>
         <name>cvtdf.obj</name>
      </input_file>
      <input_file id="fl-8d">
         <path>/home/tim/ti/ccsv7/tools/compiler/ti-cgt-msp430_16.9.4.LTS/lib/</path>
         <kind>archive</kind>
         <file>rts430_eabi.lib</file>
         <name>cvtfd.obj</name>
      </input_file>
      <input_file id="fl-8e">
         <path>/home/tim/ti/ccsv7/tools/compiler/ti-cgt-msp430_16.9.4.LTS/lib/</path>
         <kind>archive</kind>
         <file>rts430_eabi.lib</file>
         <name>div64s.obj</name>
      </input_file>
      <input_file id="fl-8f">
         <path>/home/tim/ti/ccsv7/tools/compiler/ti-cgt-msp430_16.9.4.LTS/lib/</path>
         <kind>archive</kind>
         <file>rts430_eabi.lib</file>
         <name>div64u.obj</name>
      </input_file>
      <input_file id="fl-90">
         <path>/home/tim/ti/ccsv7/tools/compiler/ti-cgt-msp430_16.9.4.LTS/lib/</path>
         <kind>archive</kind>
         <file>rts430_eabi.lib</file>
         <name>divd.obj</name>
      </input_file>
      <input_file id="fl-91">
         <path>/home/tim/ti/ccsv7/tools/compiler/ti-cgt-msp430_16.9.4.LTS/lib/</path>
         <kind>archive</kind>
         <file>rts430_eabi.lib</file>
         <name>fixdlli.obj</name>
      </input_file>
      <input_file id="fl-92">
         <path>/home/tim/ti/ccsv7/tools/compiler/ti-cgt-msp430_16.9.4.LTS/lib/</path>
         <kind>archive</kind>
         <file>rts430_eabi.lib</file>
         <name>fixdul.obj</name>
      </input_file>
      <input_file id="fl-93">
         <path>/home/tim/ti/ccsv7/tools/compiler/ti-cgt-msp430_16.9.4.LTS/lib/</path>
         <kind>archive</kind>
         <file>rts430_eabi.lib</file>
         <name>fixdull.obj</name>
      </input_file>
      <input_file id="fl-94">
         <path>/home/tim/ti/ccsv7/tools/compiler/ti-cgt-msp430_16.9.4.LTS/lib/</path>
         <kind>archive</kind>
         <file>rts430_eabi.lib</file>
         <name>fixfull.obj</name>
      </input_file>
      <input_file id="fl-95">
         <path>/home/tim/ti/ccsv7/tools/compiler/ti-cgt-msp430_16.9.4.LTS/lib/</path>
         <kind>archive</kind>
         <file>rts430_eabi.lib</file>
         <name>fltlid.obj</name>
      </input_file>
      <input_file id="fl-96">
         <path>/home/tim/ti/ccsv7/tools/compiler/ti-cgt-msp430_16.9.4.LTS/lib/</path>
         <kind>archive</kind>
         <file>rts430_eabi.lib</file>
         <name>fltllid.obj</name>
      </input_file>
      <input_file id="fl-97">
         <path>/home/tim/ti/ccsv7/tools/compiler/ti-cgt-msp430_16.9.4.LTS/lib/</path>
         <kind>archive</kind>
         <file>rts430_eabi.lib</file>
         <name>fltuld.obj</name>
      </input_file>
      <input_file id="fl-98">
         <path>/home/tim/ti/ccsv7/tools/compiler/ti-cgt-msp430_16.9.4.LTS/lib/</path>
         <kind>archive</kind>
         <file>rts430_eabi.lib</file>
         <name>frcaddd.obj</name>
      </input_file>
      <input_file id="fl-99">
         <path>/home/tim/ti/ccsv7/tools/compiler/ti-cgt-msp430_16.9.4.LTS/lib/</path>
         <kind>archive</kind>
         <file>rts430_eabi.lib</file>
         <name>frcdivd.obj</name>
      </input_file>
      <input_file id="fl-9a">
         <path>/home/tim/ti/ccsv7/tools/compiler/ti-cgt-msp430_16.9.4.LTS/lib/</path>
         <kind>archive</kind>
         <file>rts430_eabi.lib</file>
         <name>llabs.obj</name>
      </input_file>
      <input_file id="fl-9b">
         <path>/home/tim/ti/ccsv7/tools/compiler/ti-cgt-msp430_16.9.4.LTS/lib/</path>
         <kind>archive</kind>
         <file>rts430_eabi.lib</file>
         <name>lsl64.obj</name>
      </input_file>
      <input_file id="fl-9c">
         <path>/home/tim/ti/ccsv7/tools/compiler/ti-cgt-msp430_16.9.4.LTS/lib/</path>
         <kind>archive</kind>
         <file>rts430_eabi.lib</file>
         <name>lsr64.obj</name>
      </input_file>
      <input_file id="fl-9d">
         <path>/home/tim/ti/ccsv7/tools/compiler/ti-cgt-msp430_16.9.4.LTS/lib/</path>
         <kind>archive</kind>
         <file>rts430_eabi.lib</file>
         <name>mpyd.obj</name>
      </input_file>
      <input_file id="fl-9e">
         <path>/home/tim/ti/ccsv7/tools/compiler/ti-cgt-msp430_16.9.4.LTS/lib/</path>
         <kind>archive</kind>
         <file>rts430_eabi.lib</file>
         <name>negd.obj</name>
      </input_file>
      <input_file id="fl-9f">
         <path>/home/tim/ti/ccsv7/tools/compiler/ti-cgt-msp430_16.9.4.LTS/lib/</path>
         <kind>archive</kind>
         <file>rts430_eabi.lib</file>
         <name>renormd.obj</name>
      </input_file>
      <input_file id="fl-a0">
         <path>/home/tim/ti/ccsv7/tools/compiler/ti-cgt-msp430_16.9.4.LTS/lib/</path>
         <kind>archive</kind>
         <file>rts430_eabi.lib</file>
         <name>subd.obj</name>
      </input_file>
      <input_file id="fl-a1">
         <path>/home/tim/ti/ccsv7/tools/compiler/ti-cgt-msp430_16.9.4.LTS/lib/</path>
         <kind>archive</kind>
         <file>rts430_eabi.lib</file>
         <name>frcmpyd.obj</name>
      </input_file>
   </input_file_list>
   <object_component_list>
      <object_component id="oc-65a">
         <name>.sysmem</name>
         <uninitialized>true</uninitialized>
         <run_address>0x4400</run_address>
         <size>0x4</size>
         <input_file_ref idref="fl-84"/>
      </object_component>
      <object_component id="oc-982">
         <name>.sysmem</name>
         <uninitialized>true</uninitialized>
         <run_address>0x4400</run_address>
         <size>0x0</size>
      </object_component>
      <object_component id="oc-980">
         <name>.cinit..data.load</name>
         <load_address>0xb96c</load_address>
         <run_address>0xb96c</run_address>
         <size>0xa</size>
      </object_component>
      <object_component id="oc-97d">
         <name>__TI_handler_table</name>
         <load_address>0xb976</load_address>
         <run_address>0xb976</run_address>
         <size>0x6</size>
      </object_component>
      <object_component id="oc-97f">
         <name>.cinit..bss.load</name>
         <load_address>0xb97c</load_address>
         <run_address>0xb97c</run_address>
         <size>0x4</size>
      </object_component>
      <object_component id="oc-97e">
         <name>__TI_cinit_table</name>
         <load_address>0xb980</load_address>
         <run_address>0xb980</run_address>
         <size>0x8</size>
      </object_component>
      <object_component id="oc-915">
         <name>.binit</name>
         <load_address>0x4400</load_address>
         <run_address>0x4400</run_address>
         <size>0x0</size>
      </object_component>
      <object_component id="oc-759">
         <name>.const:.string:bytes</name>
         <load_address>0xb5e2</load_address>
         <run_address>0xb5e2</run_address>
         <size>0x382</size>
         <input_file_ref idref="fl-2"/>
      </object_component>
      <object_component id="oc-689">
         <name>.text:_isr:__TI_ISR_TRAP</name>
         <load_address>0xb964</load_address>
         <run_address>0xb964</run_address>
         <size>0x8</size>
         <input_file_ref idref="fl-28"/>
      </object_component>
      <object_component id="oc-770">
         <name>.text:interpreter</name>
         <load_address>0x4800</load_address>
         <run_address>0x4800</run_address>
         <size>0x3b08</size>
         <input_file_ref idref="fl-3"/>
      </object_component>
      <object_component id="oc-71e">
         <name>.text:readBytes</name>
         <load_address>0x8308</load_address>
         <run_address>0x8308</run_address>
         <size>0x50a</size>
         <input_file_ref idref="fl-3"/>
      </object_component>
      <object_component id="oc-898">
         <name>.text:__TI_frcdivd</name>
         <load_address>0x8812</load_address>
         <run_address>0x8812</run_address>
         <size>0x480</size>
         <input_file_ref idref="fl-99"/>
      </object_component>
      <object_component id="oc-8d6">
         <name>.text:__mspabi_divull</name>
         <load_address>0x8c92</load_address>
         <run_address>0x8c92</run_address>
         <size>0x360</size>
         <input_file_ref idref="fl-8f"/>
      </object_component>
      <object_component id="oc-7af">
         <name>.text:__mspabi_addd</name>
         <load_address>0x8ff2</load_address>
         <run_address>0x8ff2</run_address>
         <size>0x2e8</size>
         <input_file_ref idref="fl-89"/>
      </object_component>
      <object_component id="oc-87f">
         <name>.text:__TI_frcmpyd</name>
         <load_address>0x92da</load_address>
         <run_address>0x92da</run_address>
         <size>0x286</size>
         <input_file_ref idref="fl-a1"/>
      </object_component>
      <object_component id="oc-7a3">
         <name>.text:__mspabi_mpyd</name>
         <load_address>0x9560</load_address>
         <run_address>0x9560</run_address>
         <size>0x26e</size>
         <input_file_ref idref="fl-9d"/>
      </object_component>
      <object_component id="oc-888">
         <name>.text:__TI_frcaddd</name>
         <load_address>0x97ce</load_address>
         <run_address>0x97ce</run_address>
         <size>0x260</size>
         <input_file_ref idref="fl-98"/>
      </object_component>
      <object_component id="oc-725">
         <name>.text:RunMain</name>
         <load_address>0x9a2e</load_address>
         <run_address>0x9a2e</run_address>
         <size>0x242</size>
         <input_file_ref idref="fl-3"/>
      </object_component>
      <object_component id="oc-7df">
         <name>.text:__mspabi_divd</name>
         <load_address>0x9c70</load_address>
         <run_address>0x9c70</run_address>
         <size>0x238</size>
         <input_file_ref idref="fl-90"/>
      </object_component>
      <object_component id="oc-85d">
         <name>.text:__mspabi_divlli</name>
         <load_address>0x9ea8</load_address>
         <run_address>0x9ea8</run_address>
         <size>0x148</size>
         <input_file_ref idref="fl-8e"/>
      </object_component>
      <object_component id="oc-79d">
         <name>.text:__mspabi_fltllid</name>
         <load_address>0x9ff0</load_address>
         <run_address>0x9ff0</run_address>
         <size>0x13e</size>
         <input_file_ref idref="fl-96"/>
      </object_component>
      <object_component id="oc-851">
         <name>.text:realloc</name>
         <load_address>0xa12e</load_address>
         <run_address>0xa12e</run_address>
         <size>0x132</size>
         <input_file_ref idref="fl-84"/>
      </object_component>
      <object_component id="oc-7c9">
         <name>.text</name>
         <load_address>0xa260</load_address>
         <run_address>0xa260</run_address>
         <size>0x132</size>
         <input_file_ref idref="fl-48"/>
      </object_component>
      <object_component id="oc-857">
         <name>.text:garbageCollector</name>
         <load_address>0xa392</load_address>
         <run_address>0xa392</run_address>
         <size>0xf8</size>
         <input_file_ref idref="fl-3"/>
      </object_component>
      <object_component id="oc-75d">
         <name>.text:malloc</name>
         <load_address>0xa48a</load_address>
         <run_address>0xa48a</run_address>
         <size>0xec</size>
         <input_file_ref idref="fl-84"/>
      </object_component>
      <object_component id="oc-806">
         <name>.text:__mspabi_cmpd</name>
         <load_address>0xa576</load_address>
         <run_address>0xa576</run_address>
         <size>0xdc</size>
         <input_file_ref idref="fl-8b"/>
      </object_component>
      <object_component id="oc-7c4">
         <name>.text</name>
         <load_address>0xa652</load_address>
         <run_address>0xa652</run_address>
         <size>0xc4</size>
         <input_file_ref idref="fl-63"/>
      </object_component>
      <object_component id="oc-8e7">
         <name>.text:__TI_renormd</name>
         <load_address>0xa716</load_address>
         <run_address>0xa716</run_address>
         <size>0xbe</size>
         <input_file_ref idref="fl-9f"/>
      </object_component>
      <object_component id="oc-82f">
         <name>.text:__mspabi_fltlid</name>
         <load_address>0xa7d4</load_address>
         <run_address>0xa7d4</run_address>
         <size>0xac</size>
         <input_file_ref idref="fl-95"/>
      </object_component>
      <object_component id="oc-8c9">
         <name>.text:_garbageCollector</name>
         <load_address>0xa880</load_address>
         <run_address>0xa880</run_address>
         <size>0xaa</size>
         <input_file_ref idref="fl-3"/>
      </object_component>
      <object_component id="oc-817">
         <name>.text:__mspabi_fixdull</name>
         <load_address>0xa92a</load_address>
         <run_address>0xa92a</run_address>
         <size>0xa0</size>
         <input_file_ref idref="fl-93"/>
      </object_component>
      <object_component id="oc-797">
         <name>.text:__mspabi_fixdlli</name>
         <load_address>0xa9ca</load_address>
         <run_address>0xa9ca</run_address>
         <size>0x9e</size>
         <input_file_ref idref="fl-91"/>
      </object_component>
      <object_component id="oc-7b5">
         <name>.text</name>
         <load_address>0xaa68</load_address>
         <run_address>0xaa68</run_address>
         <size>0x9c</size>
         <input_file_ref idref="fl-4f"/>
      </object_component>
      <object_component id="oc-829">
         <name>.text:__mspabi_fixfull</name>
         <load_address>0xab04</load_address>
         <run_address>0xab04</run_address>
         <size>0x92</size>
         <input_file_ref idref="fl-94"/>
      </object_component>
      <object_component id="oc-835">
         <name>.text:__mspabi_cvtdf</name>
         <load_address>0xab96</load_address>
         <run_address>0xab96</run_address>
         <size>0x8c</size>
         <input_file_ref idref="fl-8c"/>
      </object_component>
      <object_component id="oc-83b">
         <name>.text:__mspabi_fltuld</name>
         <load_address>0xac22</load_address>
         <run_address>0xac22</run_address>
         <size>0x8a</size>
         <input_file_ref idref="fl-97"/>
      </object_component>
      <object_component id="oc-695">
         <name>.text:_auto_init_hold_wdt</name>
         <load_address>0xacac</load_address>
         <run_address>0xacac</run_address>
         <size>0x84</size>
         <input_file_ref idref="fl-7b"/>
      </object_component>
      <object_component id="oc-7f6">
         <name>.text:free</name>
         <load_address>0xad30</load_address>
         <run_address>0xad30</run_address>
         <size>0x7e</size>
         <input_file_ref idref="fl-84"/>
      </object_component>
      <object_component id="oc-7ba">
         <name>.text</name>
         <load_address>0xadae</load_address>
         <run_address>0xadae</run_address>
         <size>0x7e</size>
         <input_file_ref idref="fl-59"/>
      </object_component>
      <object_component id="oc-7a">
         <name>.text:decompress:lzss:__TI_decompress_lzss</name>
         <load_address>0xae2c</load_address>
         <run_address>0xae2c</run_address>
         <size>0x7c</size>
         <input_file_ref idref="fl-25"/>
      </object_component>
      <object_component id="oc-81d">
         <name>.text:__mspabi_fixdul</name>
         <load_address>0xaea8</load_address>
         <run_address>0xaea8</run_address>
         <size>0x74</size>
         <input_file_ref idref="fl-92"/>
      </object_component>
      <object_component id="oc-823">
         <name>.text:__mspabi_cvtfd</name>
         <load_address>0xaf1c</load_address>
         <run_address>0xaf1c</run_address>
         <size>0x72</size>
         <input_file_ref idref="fl-8d"/>
      </object_component>
      <object_component id="oc-7da">
         <name>.text:__mpyll</name>
         <load_address>0xaf8e</load_address>
         <run_address>0xaf8e</run_address>
         <size>0x5e</size>
         <input_file_ref idref="fl-69"/>
      </object_component>
      <object_component id="oc-8ba">
         <name>.text:l_lsr_const</name>
         <load_address>0xafec</load_address>
         <run_address>0xafec</run_address>
         <size>0x5c</size>
         <input_file_ref idref="fl-76"/>
      </object_component>
      <object_component id="oc-6f7">
         <name>.text:copy_in</name>
         <load_address>0xb048</load_address>
         <run_address>0xb048</run_address>
         <size>0x5a</size>
         <input_file_ref idref="fl-83"/>
      </object_component>
      <object_component id="oc-86f">
         <name>.text</name>
         <load_address>0xb0a2</load_address>
         <run_address>0xb0a2</run_address>
         <size>0x58</size>
         <input_file_ref idref="fl-54"/>
      </object_component>
      <object_component id="oc-666">
         <name>.text</name>
         <load_address>0xb0fa</load_address>
         <run_address>0xb0fa</run_address>
         <size>0x4c</size>
         <input_file_ref idref="fl-75"/>
      </object_component>
      <object_component id="oc-7ce">
         <name>.text:__mspabi_srall</name>
         <load_address>0xb146</load_address>
         <run_address>0xb146</run_address>
         <size>0x4a</size>
         <input_file_ref idref="fl-8a"/>
      </object_component>
      <object_component id="oc-80c">
         <name>.text</name>
         <load_address>0xb190</load_address>
         <run_address>0xb190</run_address>
         <size>0x4a</size>
         <input_file_ref idref="fl-4a"/>
      </object_component>
      <object_component id="oc-7bf">
         <name>.text</name>
         <load_address>0xb1da</load_address>
         <run_address>0xb1da</run_address>
         <size>0x4a</size>
         <input_file_ref idref="fl-5c"/>
      </object_component>
      <object_component id="oc-7eb">
         <name>.text:__mspabi_srlll</name>
         <load_address>0xb224</load_address>
         <run_address>0xb224</run_address>
         <size>0x46</size>
         <input_file_ref idref="fl-9c"/>
      </object_component>
      <object_component id="oc-7d4">
         <name>.text:__mspabi_sllll</name>
         <load_address>0xb26a</load_address>
         <run_address>0xb26a</run_address>
         <size>0x44</size>
         <input_file_ref idref="fl-9b"/>
      </object_component>
      <object_component id="oc-78d">
         <name>.text</name>
         <load_address>0xb2ae</load_address>
         <run_address>0xb2ae</run_address>
         <size>0x40</size>
         <input_file_ref idref="fl-51"/>
      </object_component>
      <object_component id="oc-801">
         <name>.text:l_asr_const</name>
         <load_address>0xb2ee</load_address>
         <run_address>0xb2ee</run_address>
         <size>0x3e</size>
         <input_file_ref idref="fl-73"/>
      </object_component>
      <object_component id="oc-76a">
         <name>.text:l_lsl_const</name>
         <load_address>0xb32c</load_address>
         <run_address>0xb32c</run_address>
         <size>0x3e</size>
         <input_file_ref idref="fl-70"/>
      </object_component>
      <object_component id="oc-841">
         <name>.text</name>
         <load_address>0xb36a</load_address>
         <run_address>0xb36a</run_address>
         <size>0x32</size>
         <input_file_ref idref="fl-5f"/>
      </object_component>
      <object_component id="oc-763">
         <name>.text:read</name>
         <load_address>0xb39c</load_address>
         <run_address>0xb39c</run_address>
         <size>0x30</size>
         <input_file_ref idref="fl-3"/>
      </object_component>
      <object_component id="oc-7a9">
         <name>.text:__mspabi_subd</name>
         <load_address>0xb3cc</load_address>
         <run_address>0xb3cc</run_address>
         <size>0x2e</size>
         <input_file_ref idref="fl-a0"/>
      </object_component>
      <object_component id="oc-7f1">
         <name>.text</name>
         <load_address>0xb3fa</load_address>
         <run_address>0xb3fa</run_address>
         <size>0x2c</size>
         <input_file_ref idref="fl-72"/>
      </object_component>
      <object_component id="oc-7fc">
         <name>.text</name>
         <load_address>0xb426</load_address>
         <run_address>0xb426</run_address>
         <size>0x2c</size>
         <input_file_ref idref="fl-50"/>
      </object_component>
      <object_component id="oc-661">
         <name>.text</name>
         <load_address>0xb452</load_address>
         <run_address>0xb452</run_address>
         <size>0x2c</size>
         <input_file_ref idref="fl-6f"/>
      </object_component>
      <object_component id="oc-846">
         <name>.text:__mspabi_negd</name>
         <load_address>0xb47e</load_address>
         <run_address>0xb47e</run_address>
         <size>0x2a</size>
         <input_file_ref idref="fl-9e"/>
      </object_component>
      <object_component id="oc-792">
         <name>.text</name>
         <load_address>0xb4a8</load_address>
         <run_address>0xb4a8</run_address>
         <size>0x20</size>
         <input_file_ref idref="fl-67"/>
      </object_component>
      <object_component id="oc-c0">
         <name>.text:_c_int00_noargs_noexit</name>
         <load_address>0xb4c8</load_address>
         <run_address>0xb4c8</run_address>
         <size>0x1a</size>
         <input_file_ref idref="fl-7c"/>
      </object_component>
      <object_component id="oc-7e5">
         <name>.text:recons64</name>
         <load_address>0xb4e2</load_address>
         <run_address>0xb4e2</run_address>
         <size>0x1a</size>
         <input_file_ref idref="fl-3"/>
      </object_component>
      <object_component id="oc-8d0">
         <name>.text:llabs</name>
         <load_address>0xb4fc</load_address>
         <run_address>0xb4fc</run_address>
         <size>0x16</size>
         <input_file_ref idref="fl-9a"/>
      </object_component>
      <object_component id="oc-6af">
         <name>.text:main</name>
         <load_address>0xb512</load_address>
         <run_address>0xb512</run_address>
         <size>0x16</size>
         <input_file_ref idref="fl-4"/>
      </object_component>
      <object_component id="oc-8a4">
         <name>.text</name>
         <load_address>0xb528</load_address>
         <run_address>0xb528</run_address>
         <size>0x16</size>
         <input_file_ref idref="fl-53"/>
      </object_component>
      <object_component id="oc-a2">
         <name>.text:decompress:ZI:__TI_zero_init</name>
         <load_address>0xb53e</load_address>
         <run_address>0xb53e</run_address>
         <size>0x14</size>
         <input_file_ref idref="fl-44"/>
      </object_component>
      <object_component id="oc-732">
         <name>.text</name>
         <load_address>0xb552</load_address>
         <run_address>0xb552</run_address>
         <size>0x14</size>
         <input_file_ref idref="fl-65"/>
      </object_component>
      <object_component id="oc-80">
         <name>.text:decompress:none:__TI_decompress_none</name>
         <load_address>0xb566</load_address>
         <run_address>0xb566</run_address>
         <size>0x12</size>
         <input_file_ref idref="fl-26"/>
      </object_component>
      <object_component id="oc-812">
         <name>.text:l_lsr</name>
         <load_address>0xb578</load_address>
         <run_address>0xb578</run_address>
         <size>0x12</size>
         <input_file_ref idref="fl-76"/>
      </object_component>
      <object_component id="oc-783">
         <name>.text:l_asr</name>
         <load_address>0xb58a</load_address>
         <run_address>0xb58a</run_address>
         <size>0x10</size>
         <input_file_ref idref="fl-73"/>
      </object_component>
      <object_component id="oc-788">
         <name>.text:l_lsl</name>
         <load_address>0xb59a</load_address>
         <run_address>0xb59a</run_address>
         <size>0x10</size>
         <input_file_ref idref="fl-70"/>
      </object_component>
      <object_component id="oc-680">
         <name>.text:memcpy</name>
         <load_address>0xb5aa</load_address>
         <run_address>0xb5aa</run_address>
         <size>0x10</size>
         <input_file_ref idref="fl-86"/>
      </object_component>
      <object_component id="oc-66b">
         <name>.text</name>
         <load_address>0xb5ba</load_address>
         <run_address>0xb5ba</run_address>
         <size>0x10</size>
         <input_file_ref idref="fl-60"/>
      </object_component>
      <object_component id="oc-84c">
         <name>.text</name>
         <load_address>0xb5ca</load_address>
         <run_address>0xb5ca</run_address>
         <size>0xa</size>
         <input_file_ref idref="fl-6e"/>
      </object_component>
      <object_component id="oc-6b7">
         <name>.text:abort</name>
         <load_address>0xb5d4</load_address>
         <run_address>0xb5d4</run_address>
         <size>0x6</size>
         <input_file_ref idref="fl-80"/>
      </object_component>
      <object_component id="oc-68f">
         <name>.text:_system_pre_init</name>
         <load_address>0xb5da</load_address>
         <run_address>0xb5da</run_address>
         <size>0x4</size>
         <input_file_ref idref="fl-7f"/>
      </object_component>
      <object_component id="oc-749">
         <name>.text:_nop</name>
         <load_address>0xb5de</load_address>
         <run_address>0xb5de</run_address>
         <size>0x2</size>
         <input_file_ref idref="fl-82"/>
      </object_component>
      <object_component id="oc-6fd">
         <name>.text:_system_post_cinit</name>
         <load_address>0xb5e0</load_address>
         <run_address>0xb5e0</run_address>
         <size>0x2</size>
         <input_file_ref idref="fl-7e"/>
      </object_component>
      <object_component id="oc-77e">
         <name>.bss</name>
         <uninitialized>true</uninitialized>
         <run_address>0x1c00</run_address>
         <size>0x6</size>
         <input_file_ref idref="fl-84"/>
      </object_component>
      <object_component id="oc-724">
         <name>.common:p</name>
         <uninitialized>true</uninitialized>
         <run_address>0x1c08</run_address>
         <size>0x2</size>
      </object_component>
      <object_component id="oc-811">
         <name>.common:reservedRegs</name>
         <uninitialized>true</uninitialized>
         <run_address>0x1c0a</run_address>
         <size>0x2</size>
      </object_component>
      <object_component id="oc-75c">
         <name>.common:bytePntr</name>
         <uninitialized>true</uninitialized>
         <run_address>0x1c06</run_address>
         <size>0x2</size>
      </object_component>
      <object_component id="oc-70f">
         <name>.data:_lock</name>
         <load_address>0x1c0c</load_address>
         <run_address>0x1c0c</run_address>
         <size>0x2</size>
         <input_file_ref idref="fl-82"/>
      </object_component>
      <object_component id="oc-718">
         <name>.data:_unlock</name>
         <load_address>0x1c0e</load_address>
         <run_address>0x1c0e</run_address>
         <size>0x2</size>
         <input_file_ref idref="fl-82"/>
      </object_component>
      <object_component id="oc-77b">
         <name>.data</name>
         <load_address>0x1c10</load_address>
         <run_address>0x1c10</run_address>
         <size>0x2</size>
         <input_file_ref idref="fl-84"/>
      </object_component>
      <object_component id="oc-65d">
         <name>.stack</name>
         <uninitialized>true</uninitialized>
         <run_address>0x2200</run_address>
         <size>0x2</size>
         <input_file_ref idref="fl-79"/>
      </object_component>
      <object_component id="oc-981">
         <name>.stack</name>
         <uninitialized>true</uninitialized>
         <run_address>0x2200</run_address>
         <size>0x0</size>
      </object_component>
      <object_component id="oc-86">
         <name>.int27</name>
         <load_address>0xffc6</load_address>
         <run_address>0xffc6</run_address>
         <size>0x2</size>
         <input_file_ref idref="fl-27"/>
      </object_component>
      <object_component id="oc-87">
         <name>.int28</name>
         <load_address>0xffc8</load_address>
         <run_address>0xffc8</run_address>
         <size>0x2</size>
         <input_file_ref idref="fl-29"/>
      </object_component>
      <object_component id="oc-88">
         <name>.int29</name>
         <load_address>0xffca</load_address>
         <run_address>0xffca</run_address>
         <size>0x2</size>
         <input_file_ref idref="fl-2a"/>
      </object_component>
      <object_component id="oc-89">
         <name>.int30</name>
         <load_address>0xffcc</load_address>
         <run_address>0xffcc</run_address>
         <size>0x2</size>
         <input_file_ref idref="fl-2b"/>
      </object_component>
      <object_component id="oc-8a">
         <name>.int31</name>
         <load_address>0xffce</load_address>
         <run_address>0xffce</run_address>
         <size>0x2</size>
         <input_file_ref idref="fl-2c"/>
      </object_component>
      <object_component id="oc-8b">
         <name>.int32</name>
         <load_address>0xffd0</load_address>
         <run_address>0xffd0</run_address>
         <size>0x2</size>
         <input_file_ref idref="fl-2d"/>
      </object_component>
      <object_component id="oc-8c">
         <name>.int33</name>
         <load_address>0xffd2</load_address>
         <run_address>0xffd2</run_address>
         <size>0x2</size>
         <input_file_ref idref="fl-2e"/>
      </object_component>
      <object_component id="oc-8d">
         <name>.int34</name>
         <load_address>0xffd4</load_address>
         <run_address>0xffd4</run_address>
         <size>0x2</size>
         <input_file_ref idref="fl-2f"/>
      </object_component>
      <object_component id="oc-8e">
         <name>.int35</name>
         <load_address>0xffd6</load_address>
         <run_address>0xffd6</run_address>
         <size>0x2</size>
         <input_file_ref idref="fl-30"/>
      </object_component>
      <object_component id="oc-8f">
         <name>.int36</name>
         <load_address>0xffd8</load_address>
         <run_address>0xffd8</run_address>
         <size>0x2</size>
         <input_file_ref idref="fl-31"/>
      </object_component>
      <object_component id="oc-90">
         <name>.int37</name>
         <load_address>0xffda</load_address>
         <run_address>0xffda</run_address>
         <size>0x2</size>
         <input_file_ref idref="fl-32"/>
      </object_component>
      <object_component id="oc-91">
         <name>.int38</name>
         <load_address>0xffdc</load_address>
         <run_address>0xffdc</run_address>
         <size>0x2</size>
         <input_file_ref idref="fl-33"/>
      </object_component>
      <object_component id="oc-92">
         <name>.int39</name>
         <load_address>0xffde</load_address>
         <run_address>0xffde</run_address>
         <size>0x2</size>
         <input_file_ref idref="fl-34"/>
      </object_component>
      <object_component id="oc-93">
         <name>.int40</name>
         <load_address>0xffe0</load_address>
         <run_address>0xffe0</run_address>
         <size>0x2</size>
         <input_file_ref idref="fl-35"/>
      </object_component>
      <object_component id="oc-94">
         <name>.int41</name>
         <load_address>0xffe2</load_address>
         <run_address>0xffe2</run_address>
         <size>0x2</size>
         <input_file_ref idref="fl-36"/>
      </object_component>
      <object_component id="oc-95">
         <name>.int42</name>
         <load_address>0xffe4</load_address>
         <run_address>0xffe4</run_address>
         <size>0x2</size>
         <input_file_ref idref="fl-37"/>
      </object_component>
      <object_component id="oc-96">
         <name>.int43</name>
         <load_address>0xffe6</load_address>
         <run_address>0xffe6</run_address>
         <size>0x2</size>
         <input_file_ref idref="fl-38"/>
      </object_component>
      <object_component id="oc-97">
         <name>.int44</name>
         <load_address>0xffe8</load_address>
         <run_address>0xffe8</run_address>
         <size>0x2</size>
         <input_file_ref idref="fl-39"/>
      </object_component>
      <object_component id="oc-98">
         <name>.int45</name>
         <load_address>0xffea</load_address>
         <run_address>0xffea</run_address>
         <size>0x2</size>
         <input_file_ref idref="fl-3a"/>
      </object_component>
      <object_component id="oc-99">
         <name>.int46</name>
         <load_address>0xffec</load_address>
         <run_address>0xffec</run_address>
         <size>0x2</size>
         <input_file_ref idref="fl-3b"/>
      </object_component>
      <object_component id="oc-9a">
         <name>.int47</name>
         <load_address>0xffee</load_address>
         <run_address>0xffee</run_address>
         <size>0x2</size>
         <input_file_ref idref="fl-3c"/>
      </object_component>
      <object_component id="oc-9b">
         <name>.int48</name>
         <load_address>0xfff0</load_address>
         <run_address>0xfff0</run_address>
         <size>0x2</size>
         <input_file_ref idref="fl-3d"/>
      </object_component>
      <object_component id="oc-9c">
         <name>.int49</name>
         <load_address>0xfff2</load_address>
         <run_address>0xfff2</run_address>
         <size>0x2</size>
         <input_file_ref idref="fl-3e"/>
      </object_component>
      <object_component id="oc-9d">
         <name>.int50</name>
         <load_address>0xfff4</load_address>
         <run_address>0xfff4</run_address>
         <size>0x2</size>
         <input_file_ref idref="fl-3f"/>
      </object_component>
      <object_component id="oc-9e">
         <name>.int51</name>
         <load_address>0xfff6</load_address>
         <run_address>0xfff6</run_address>
         <size>0x2</size>
         <input_file_ref idref="fl-40"/>
      </object_component>
      <object_component id="oc-9f">
         <name>.int52</name>
         <load_address>0xfff8</load_address>
         <run_address>0xfff8</run_address>
         <size>0x2</size>
         <input_file_ref idref="fl-41"/>
      </object_component>
      <object_component id="oc-a0">
         <name>.int53</name>
         <load_address>0xfffa</load_address>
         <run_address>0xfffa</run_address>
         <size>0x2</size>
         <input_file_ref idref="fl-42"/>
      </object_component>
      <object_component id="oc-a1">
         <name>.int54</name>
         <load_address>0xfffc</load_address>
         <run_address>0xfffc</run_address>
         <size>0x2</size>
         <input_file_ref idref="fl-43"/>
      </object_component>
      <object_component id="oc-660">
         <name>.reset</name>
         <load_address>0xfffe</load_address>
         <run_address>0xfffe</run_address>
         <size>0x2</size>
         <input_file_ref idref="fl-79"/>
      </object_component>
      <object_component id="oc-68a">
         <name>.debug_info</name>
         <load_address>0x0</load_address>
         <run_address>0x0</run_address>
         <size>0x107</size>
         <input_file_ref idref="fl-28"/>
      </object_component>
      <object_component id="oc-7cb">
         <name>.debug_info</name>
         <load_address>0x107</load_address>
         <run_address>0x107</run_address>
         <size>0x119</size>
         <input_file_ref idref="fl-48"/>
      </object_component>
      <object_component id="oc-80f">
         <name>.debug_info</name>
         <load_address>0x220</load_address>
         <run_address>0x220</run_address>
         <size>0x125</size>
         <input_file_ref idref="fl-4a"/>
      </object_component>
      <object_component id="oc-7b8">
         <name>.debug_info</name>
         <load_address>0x345</load_address>
         <run_address>0x345</run_address>
         <size>0x119</size>
         <input_file_ref idref="fl-4f"/>
      </object_component>
      <object_component id="oc-7fe">
         <name>.debug_info</name>
         <load_address>0x45e</load_address>
         <run_address>0x45e</run_address>
         <size>0x12d</size>
         <input_file_ref idref="fl-50"/>
      </object_component>
      <object_component id="oc-78f">
         <name>.debug_info</name>
         <load_address>0x58b</load_address>
         <run_address>0x58b</run_address>
         <size>0x130</size>
         <input_file_ref idref="fl-51"/>
      </object_component>
      <object_component id="oc-8a6">
         <name>.debug_info</name>
         <load_address>0x6bb</load_address>
         <run_address>0x6bb</run_address>
         <size>0x119</size>
         <input_file_ref idref="fl-53"/>
      </object_component>
      <object_component id="oc-872">
         <name>.debug_info</name>
         <load_address>0x7d4</load_address>
         <run_address>0x7d4</run_address>
         <size>0x11b</size>
         <input_file_ref idref="fl-54"/>
      </object_component>
      <object_component id="oc-7bb">
         <name>.debug_info</name>
         <load_address>0x8ef</load_address>
         <run_address>0x8ef</run_address>
         <size>0x12f</size>
         <input_file_ref idref="fl-59"/>
      </object_component>
      <object_component id="oc-7c0">
         <name>.debug_info</name>
         <load_address>0xa1e</load_address>
         <run_address>0xa1e</run_address>
         <size>0x124</size>
         <input_file_ref idref="fl-5c"/>
      </object_component>
      <object_component id="oc-843">
         <name>.debug_info</name>
         <load_address>0xb42</load_address>
         <run_address>0xb42</run_address>
         <size>0x11f</size>
         <input_file_ref idref="fl-5f"/>
      </object_component>
      <object_component id="oc-66e">
         <name>.debug_info</name>
         <load_address>0xc61</load_address>
         <run_address>0xc61</run_address>
         <size>0x126</size>
         <input_file_ref idref="fl-60"/>
      </object_component>
      <object_component id="oc-7c7">
         <name>.debug_info</name>
         <load_address>0xd87</load_address>
         <run_address>0xd87</run_address>
         <size>0x119</size>
         <input_file_ref idref="fl-63"/>
      </object_component>
      <object_component id="oc-735">
         <name>.debug_info</name>
         <load_address>0xea0</load_address>
         <run_address>0xea0</run_address>
         <size>0x11d</size>
         <input_file_ref idref="fl-65"/>
      </object_component>
      <object_component id="oc-794">
         <name>.debug_info</name>
         <load_address>0xfbd</load_address>
         <run_address>0xfbd</run_address>
         <size>0x11d</size>
         <input_file_ref idref="fl-67"/>
      </object_component>
      <object_component id="oc-7db">
         <name>.debug_info</name>
         <load_address>0x10da</load_address>
         <run_address>0x10da</run_address>
         <size>0x11f</size>
         <input_file_ref idref="fl-69"/>
      </object_component>
      <object_component id="oc-84f">
         <name>.debug_info</name>
         <load_address>0x11f9</load_address>
         <run_address>0x11f9</run_address>
         <size>0x119</size>
         <input_file_ref idref="fl-6e"/>
      </object_component>
      <object_component id="oc-662">
         <name>.debug_info</name>
         <load_address>0x1312</load_address>
         <run_address>0x1312</run_address>
         <size>0x118</size>
         <input_file_ref idref="fl-6f"/>
      </object_component>
      <object_component id="oc-78b">
         <name>.debug_info</name>
         <load_address>0x142a</load_address>
         <run_address>0x142a</run_address>
         <size>0x118</size>
         <input_file_ref idref="fl-70"/>
      </object_component>
      <object_component id="oc-76b">
         <name>.debug_info</name>
         <load_address>0x1542</load_address>
         <run_address>0x1542</run_address>
         <size>0x11e</size>
         <input_file_ref idref="fl-70"/>
      </object_component>
      <object_component id="oc-7f4">
         <name>.debug_info</name>
         <load_address>0x1660</load_address>
         <run_address>0x1660</run_address>
         <size>0x118</size>
         <input_file_ref idref="fl-72"/>
      </object_component>
      <object_component id="oc-784">
         <name>.debug_info</name>
         <load_address>0x1778</load_address>
         <run_address>0x1778</run_address>
         <size>0x118</size>
         <input_file_ref idref="fl-73"/>
      </object_component>
      <object_component id="oc-802">
         <name>.debug_info</name>
         <load_address>0x1890</load_address>
         <run_address>0x1890</run_address>
         <size>0x11e</size>
         <input_file_ref idref="fl-73"/>
      </object_component>
      <object_component id="oc-667">
         <name>.debug_info</name>
         <load_address>0x19ae</load_address>
         <run_address>0x19ae</run_address>
         <size>0x118</size>
         <input_file_ref idref="fl-75"/>
      </object_component>
      <object_component id="oc-813">
         <name>.debug_info</name>
         <load_address>0x1ac6</load_address>
         <run_address>0x1ac6</run_address>
         <size>0x118</size>
         <input_file_ref idref="fl-76"/>
      </object_component>
      <object_component id="oc-8bb">
         <name>.debug_info</name>
         <load_address>0x1bde</load_address>
         <run_address>0x1bde</run_address>
         <size>0x11e</size>
         <input_file_ref idref="fl-76"/>
      </object_component>
      <object_component id="oc-65e">
         <name>.debug_info</name>
         <load_address>0x1cfc</load_address>
         <run_address>0x1cfc</run_address>
         <size>0xf5</size>
         <input_file_ref idref="fl-79"/>
      </object_component>
      <object_component id="oc-709">
         <name>.debug_info</name>
         <load_address>0x1df1</load_address>
         <run_address>0x1df1</run_address>
         <size>0x3d7</size>
         <input_file_ref idref="fl-7b"/>
      </object_component>
      <object_component id="oc-699">
         <name>.debug_info</name>
         <load_address>0x21c8</load_address>
         <run_address>0x21c8</run_address>
         <size>0x1ff</size>
         <input_file_ref idref="fl-7b"/>
      </object_component>
      <object_component id="oc-73b">
         <name>.debug_info</name>
         <load_address>0x23c7</load_address>
         <run_address>0x23c7</run_address>
         <size>0x39</size>
         <input_file_ref idref="fl-7b"/>
      </object_component>
      <object_component id="oc-704">
         <name>.debug_info</name>
         <load_address>0x2400</load_address>
         <run_address>0x2400</run_address>
         <size>0x2c</size>
         <input_file_ref idref="fl-7b"/>
      </object_component>
      <object_component id="oc-c2">
         <name>.debug_info</name>
         <load_address>0x242c</load_address>
         <run_address>0x242c</run_address>
         <size>0x196</size>
         <input_file_ref idref="fl-7c"/>
      </object_component>
      <object_component id="oc-6b8">
         <name>.debug_info</name>
         <load_address>0x25c2</load_address>
         <run_address>0x25c2</run_address>
         <size>0x117</size>
         <input_file_ref idref="fl-80"/>
      </object_component>
      <object_component id="oc-687">
         <name>.debug_info</name>
         <load_address>0x26d9</load_address>
         <run_address>0x26d9</run_address>
         <size>0x732</size>
         <input_file_ref idref="fl-88"/>
      </object_component>
      <object_component id="oc-75a">
         <name>.debug_info</name>
         <load_address>0x2e0b</load_address>
         <run_address>0x2e0b</run_address>
         <size>0xca</size>
         <input_file_ref idref="fl-88"/>
      </object_component>
      <object_component id="oc-710">
         <name>.debug_info</name>
         <load_address>0x2ed5</load_address>
         <run_address>0x2ed5</run_address>
         <size>0xca</size>
         <input_file_ref idref="fl-88"/>
      </object_component>
      <object_component id="oc-719">
         <name>.debug_info</name>
         <load_address>0x2f9f</load_address>
         <run_address>0x2f9f</run_address>
         <size>0xce</size>
         <input_file_ref idref="fl-88"/>
      </object_component>
      <object_component id="oc-65b">
         <name>.debug_info</name>
         <load_address>0x306d</load_address>
         <run_address>0x306d</run_address>
         <size>0xd6</size>
         <input_file_ref idref="fl-88"/>
      </object_component>
      <object_component id="oc-77f">
         <name>.debug_info</name>
         <load_address>0x3143</load_address>
         <run_address>0x3143</run_address>
         <size>0x116</size>
         <input_file_ref idref="fl-88"/>
      </object_component>
      <object_component id="oc-77c">
         <name>.debug_info</name>
         <load_address>0x3259</load_address>
         <run_address>0x3259</run_address>
         <size>0xd6</size>
         <input_file_ref idref="fl-88"/>
      </object_component>
      <object_component id="oc-74a">
         <name>.debug_info</name>
         <load_address>0x332f</load_address>
         <run_address>0x332f</run_address>
         <size>0xee</size>
         <input_file_ref idref="fl-88"/>
      </object_component>
      <object_component id="oc-75e">
         <name>.debug_info</name>
         <load_address>0x341d</load_address>
         <run_address>0x341d</run_address>
         <size>0x18d</size>
         <input_file_ref idref="fl-88"/>
      </object_component>
      <object_component id="oc-764">
         <name>.debug_info</name>
         <load_address>0x35aa</load_address>
         <run_address>0x35aa</run_address>
         <size>0x195</size>
         <input_file_ref idref="fl-88"/>
      </object_component>
      <object_component id="oc-71f">
         <name>.debug_info</name>
         <load_address>0x373f</load_address>
         <run_address>0x373f</run_address>
         <size>0x841</size>
         <input_file_ref idref="fl-88"/>
      </object_component>
      <object_component id="oc-8ca">
         <name>.debug_info</name>
         <load_address>0x3f80</load_address>
         <run_address>0x3f80</run_address>
         <size>0x175</size>
         <input_file_ref idref="fl-88"/>
      </object_component>
      <object_component id="oc-7f7">
         <name>.debug_info</name>
         <load_address>0x40f5</load_address>
         <run_address>0x40f5</run_address>
         <size>0x16a</size>
         <input_file_ref idref="fl-88"/>
      </object_component>
      <object_component id="oc-858">
         <name>.debug_info</name>
         <load_address>0x425f</load_address>
         <run_address>0x425f</run_address>
         <size>0x1e6</size>
         <input_file_ref idref="fl-88"/>
      </object_component>
      <object_component id="oc-7e6">
         <name>.debug_info</name>
         <load_address>0x4445</load_address>
         <run_address>0x4445</run_address>
         <size>0x12d</size>
         <input_file_ref idref="fl-88"/>
      </object_component>
      <object_component id="oc-681">
         <name>.debug_info</name>
         <load_address>0x4572</load_address>
         <run_address>0x4572</run_address>
         <size>0x14e</size>
         <input_file_ref idref="fl-88"/>
      </object_component>
      <object_component id="oc-852">
         <name>.debug_info</name>
         <load_address>0x46c0</load_address>
         <run_address>0x46c0</run_address>
         <size>0x25e</size>
         <input_file_ref idref="fl-88"/>
      </object_component>
      <object_component id="oc-771">
         <name>.debug_info</name>
         <load_address>0x491e</load_address>
         <run_address>0x491e</run_address>
         <size>0x4489</size>
         <input_file_ref idref="fl-88"/>
      </object_component>
      <object_component id="oc-726">
         <name>.debug_info</name>
         <load_address>0x8da7</load_address>
         <run_address>0x8da7</run_address>
         <size>0x29a</size>
         <input_file_ref idref="fl-88"/>
      </object_component>
      <object_component id="oc-6b0">
         <name>.debug_info</name>
         <load_address>0x9041</load_address>
         <run_address>0x9041</run_address>
         <size>0x114</size>
         <input_file_ref idref="fl-88"/>
      </object_component>
      <object_component id="oc-6f8">
         <name>.debug_info</name>
         <load_address>0x9155</load_address>
         <run_address>0x9155</run_address>
         <size>0x179</size>
         <input_file_ref idref="fl-88"/>
      </object_component>
      <object_component id="oc-690">
         <name>.debug_info</name>
         <load_address>0x92ce</load_address>
         <run_address>0x92ce</run_address>
         <size>0x110</size>
         <input_file_ref idref="fl-88"/>
      </object_component>
      <object_component id="oc-6fe">
         <name>.debug_info</name>
         <load_address>0x93de</load_address>
         <run_address>0x93de</run_address>
         <size>0x10e</size>
         <input_file_ref idref="fl-88"/>
      </object_component>
      <object_component id="oc-a3">
         <name>.debug_info</name>
         <load_address>0x94ec</load_address>
         <run_address>0x94ec</run_address>
         <size>0x177</size>
         <input_file_ref idref="fl-88"/>
      </object_component>
      <object_component id="oc-81">
         <name>.debug_info</name>
         <load_address>0x9663</load_address>
         <run_address>0x9663</run_address>
         <size>0x19b</size>
         <input_file_ref idref="fl-88"/>
      </object_component>
      <object_component id="oc-7b">
         <name>.debug_info</name>
         <load_address>0x97fe</load_address>
         <run_address>0x97fe</run_address>
         <size>0x243</size>
         <input_file_ref idref="fl-88"/>
      </object_component>
      <object_component id="oc-6d7">
         <name>.debug_info</name>
         <load_address>0x9a41</load_address>
         <run_address>0x9a41</run_address>
         <size>0xc02</size>
         <input_file_ref idref="fl-88"/>
      </object_component>
      <object_component id="oc-864">
         <name>.debug_info</name>
         <load_address>0xa643</load_address>
         <run_address>0xa643</run_address>
         <size>0x23b</size>
         <input_file_ref idref="fl-88"/>
      </object_component>
      <object_component id="oc-6eb">
         <name>.debug_info</name>
         <load_address>0xa87e</load_address>
         <run_address>0xa87e</run_address>
         <size>0x20c</size>
         <input_file_ref idref="fl-88"/>
      </object_component>
      <object_component id="oc-67b">
         <name>.debug_info</name>
         <load_address>0xaa8a</load_address>
         <run_address>0xaa8a</run_address>
         <size>0x84</size>
         <input_file_ref idref="fl-88"/>
      </object_component>
      <object_component id="oc-6dc">
         <name>.debug_info</name>
         <load_address>0xab0e</load_address>
         <run_address>0xab0e</run_address>
         <size>0x2c</size>
         <input_file_ref idref="fl-88"/>
      </object_component>
      <object_component id="oc-6e1">
         <name>.debug_info</name>
         <load_address>0xab3a</load_address>
         <run_address>0xab3a</run_address>
         <size>0x164</size>
         <input_file_ref idref="fl-88"/>
      </object_component>
      <object_component id="oc-671">
         <name>.debug_info</name>
         <load_address>0xac9e</load_address>
         <run_address>0xac9e</run_address>
         <size>0x46</size>
         <input_file_ref idref="fl-88"/>
      </object_component>
      <object_component id="oc-72d">
         <name>.debug_info</name>
         <load_address>0xace4</load_address>
         <run_address>0xace4</run_address>
         <size>0x2c</size>
         <input_file_ref idref="fl-88"/>
      </object_component>
      <object_component id="oc-6f0">
         <name>.debug_info</name>
         <load_address>0xad10</load_address>
         <run_address>0xad10</run_address>
         <size>0x6f</size>
         <input_file_ref idref="fl-88"/>
      </object_component>
      <object_component id="oc-6ca">
         <name>.debug_info</name>
         <load_address>0xad7f</load_address>
         <run_address>0xad7f</run_address>
         <size>0x2c</size>
         <input_file_ref idref="fl-88"/>
      </object_component>
      <object_component id="oc-6cf">
         <name>.debug_info</name>
         <load_address>0xadab</load_address>
         <run_address>0xadab</run_address>
         <size>0x46</size>
         <input_file_ref idref="fl-88"/>
      </object_component>
      <object_component id="oc-676">
         <name>.debug_info</name>
         <load_address>0xadf1</load_address>
         <run_address>0xadf1</run_address>
         <size>0x46</size>
         <input_file_ref idref="fl-88"/>
      </object_component>
      <object_component id="oc-6e6">
         <name>.debug_info</name>
         <load_address>0xae37</load_address>
         <run_address>0xae37</run_address>
         <size>0xcd</size>
         <input_file_ref idref="fl-88"/>
      </object_component>
      <object_component id="oc-88f">
         <name>.debug_info</name>
         <load_address>0xaf04</load_address>
         <run_address>0xaf04</run_address>
         <size>0x206</size>
         <input_file_ref idref="fl-89"/>
      </object_component>
      <object_component id="oc-7b0">
         <name>.debug_info</name>
         <load_address>0xb10a</load_address>
         <run_address>0xb10a</run_address>
         <size>0x253</size>
         <input_file_ref idref="fl-89"/>
      </object_component>
      <object_component id="oc-878">
         <name>.debug_info</name>
         <load_address>0xb35d</load_address>
         <run_address>0xb35d</run_address>
         <size>0x94</size>
         <input_file_ref idref="fl-89"/>
      </object_component>
      <object_component id="oc-7cf">
         <name>.debug_info</name>
         <load_address>0xb3f1</load_address>
         <run_address>0xb3f1</run_address>
         <size>0x188</size>
         <input_file_ref idref="fl-8a"/>
      </object_component>
      <object_component id="oc-807">
         <name>.debug_info</name>
         <load_address>0xb579</load_address>
         <run_address>0xb579</run_address>
         <size>0x1a4</size>
         <input_file_ref idref="fl-8b"/>
      </object_component>
      <object_component id="oc-8c2">
         <name>.debug_info</name>
         <load_address>0xb71d</load_address>
         <run_address>0xb71d</run_address>
         <size>0x1c4</size>
[...]
         <name>__mspabi_slli_5</name>
         <value>0xb472</value>
         <object_component_ref idref="oc-661"/>
      </symbol>
      <symbol id="sm-b52">
         <name>__mspabi_slli_4</name>
         <value>0xb474</value>
         <object_component_ref idref="oc-661"/>
      </symbol>
      <symbol id="sm-b53">
         <name>__mspabi_slli_3</name>
         <value>0xb476</value>
         <object_component_ref idref="oc-661"/>
      </symbol>
      <symbol id="sm-b54">
         <name>__mspabi_slli_2</name>
         <value>0xb478</value>
         <object_component_ref idref="oc-661"/>
      </symbol>
      <symbol id="sm-b55">
         <name>__mspabi_slli_1</name>
         <value>0xb47a</value>
         <object_component_ref idref="oc-661"/>
      </symbol>
      <symbol id="sm-b56">
         <name>__mspabi_slli_15</name>
         <value>0xb45e</value>
         <object_component_ref idref="oc-661"/>
      </symbol>
      <symbol id="sm-b57">
         <name>__mspabi_slli_14</name>
         <value>0xb460</value>
         <object_component_ref idref="oc-661"/>
      </symbol>
      <symbol id="sm-b58">
         <name>__mspabi_slli_13</name>
         <value>0xb462</value>
         <object_component_ref idref="oc-661"/>
      </symbol>
      <symbol id="sm-b59">
         <name>__mspabi_slli_12</name>
         <value>0xb464</value>
         <object_component_ref idref="oc-661"/>
      </symbol>
      <symbol id="sm-b5a">
         <name>__mspabi_slli_11</name>
         <value>0xb466</value>
         <object_component_ref idref="oc-661"/>
      </symbol>
      <symbol id="sm-b5b">
         <name>__mspabi_slli_10</name>
         <value>0xb468</value>
         <object_component_ref idref="oc-661"/>
      </symbol>
      <symbol id="sm-b6b">
         <name>__mspabi_slll_9</name>
         <value>0xb344</value>
         <object_component_ref idref="oc-76a"/>
      </symbol>
      <symbol id="sm-b6c">
         <name>__mspabi_slll_8</name>
         <value>0xb348</value>
         <object_component_ref idref="oc-76a"/>
      </symbol>
      <symbol id="sm-b6d">
         <name>__mspabi_slll_7</name>
         <value>0xb34c</value>
         <object_component_ref idref="oc-76a"/>
      </symbol>
      <symbol id="sm-b6e">
         <name>__mspabi_slll_6</name>
         <value>0xb350</value>
         <object_component_ref idref="oc-76a"/>
      </symbol>
      <symbol id="sm-b6f">
         <name>__mspabi_slll_5</name>
         <value>0xb354</value>
         <object_component_ref idref="oc-76a"/>
      </symbol>
      <symbol id="sm-b70">
         <name>__mspabi_slll_4</name>
         <value>0xb358</value>
         <object_component_ref idref="oc-76a"/>
      </symbol>
      <symbol id="sm-b71">
         <name>__mspabi_slll_3</name>
         <value>0xb35c</value>
         <object_component_ref idref="oc-76a"/>
      </symbol>
      <symbol id="sm-b72">
         <name>__mspabi_slll_2</name>
         <value>0xb360</value>
         <object_component_ref idref="oc-76a"/>
      </symbol>
      <symbol id="sm-b73">
         <name>__mspabi_slll_1</name>
         <value>0xb364</value>
         <object_component_ref idref="oc-76a"/>
      </symbol>
      <symbol id="sm-b74">
         <name>__mspabi_slll</name>
         <value>0xb59a</value>
         <object_component_ref idref="oc-788"/>
      </symbol>
      <symbol id="sm-b75">
         <name>__mspabi_slll_15</name>
         <value>0xb32c</value>
         <object_component_ref idref="oc-76a"/>
      </symbol>
      <symbol id="sm-b76">
         <name>__mspabi_slll_14</name>
         <value>0xb330</value>
         <object_component_ref idref="oc-76a"/>
      </symbol>
      <symbol id="sm-b77">
         <name>__mspabi_slll_13</name>
         <value>0xb334</value>
         <object_component_ref idref="oc-76a"/>
      </symbol>
      <symbol id="sm-b78">
         <name>__mspabi_slll_12</name>
         <value>0xb338</value>
         <object_component_ref idref="oc-76a"/>
      </symbol>
      <symbol id="sm-b79">
         <name>__mspabi_slll_11</name>
         <value>0xb33c</value>
         <object_component_ref idref="oc-76a"/>
      </symbol>
      <symbol id="sm-b7a">
         <name>__mspabi_slll_10</name>
         <value>0xb340</value>
         <object_component_ref idref="oc-76a"/>
      </symbol>
      <symbol id="sm-b82">
         <name>__mspabi_srai</name>
         <value>0xb3fa</value>
         <object_component_ref idref="oc-7f1"/>
      </symbol>
      <symbol id="sm-b83">
         <name>__mspabi_srai_8</name>
         <value>0xb414</value>
         <object_component_ref idref="oc-7f1"/>
      </symbol>
      <symbol id="sm-b84">
         <name>__mspabi_srai_9</name>
         <value>0xb412</value>
         <object_component_ref idref="oc-7f1"/>
      </symbol>
      <symbol id="sm-b85">
         <name>__mspabi_srai_6</name>
         <value>0xb418</value>
         <object_component_ref idref="oc-7f1"/>
      </symbol>
      <symbol id="sm-b86">
         <name>__mspabi_srai_7</name>
         <value>0xb416</value>
         <object_component_ref idref="oc-7f1"/>
      </symbol>
      <symbol id="sm-b87">
         <name>__mspabi_srai_4</name>
         <value>0xb41c</value>
         <object_component_ref idref="oc-7f1"/>
      </symbol>
      <symbol id="sm-b88">
         <name>__mspabi_srai_5</name>
         <value>0xb41a</value>
         <object_component_ref idref="oc-7f1"/>
      </symbol>
      <symbol id="sm-b89">
         <name>__mspabi_srai_2</name>
         <value>0xb420</value>
         <object_component_ref idref="oc-7f1"/>
      </symbol>
      <symbol id="sm-b8a">
         <name>__mspabi_srai_3</name>
         <value>0xb41e</value>
         <object_component_ref idref="oc-7f1"/>
      </symbol>
      <symbol id="sm-b8b">
         <name>__mspabi_srai_1</name>
         <value>0xb422</value>
         <object_component_ref idref="oc-7f1"/>
      </symbol>
      <symbol id="sm-b8c">
         <name>__mspabi_srai_15</name>
         <value>0xb406</value>
         <object_component_ref idref="oc-7f1"/>
      </symbol>
      <symbol id="sm-b8d">
         <name>__mspabi_srai_14</name>
         <value>0xb408</value>
         <object_component_ref idref="oc-7f1"/>
      </symbol>
      <symbol id="sm-b8e">
         <name>__mspabi_srai_13</name>
         <value>0xb40a</value>
         <object_component_ref idref="oc-7f1"/>
      </symbol>
      <symbol id="sm-b8f">
         <name>__mspabi_srai_12</name>
         <value>0xb40c</value>
         <object_component_ref idref="oc-7f1"/>
      </symbol>
      <symbol id="sm-b90">
         <name>__mspabi_srai_11</name>
         <value>0xb40e</value>
         <object_component_ref idref="oc-7f1"/>
      </symbol>
      <symbol id="sm-b91">
         <name>__mspabi_srai_10</name>
         <value>0xb410</value>
         <object_component_ref idref="oc-7f1"/>
      </symbol>
      <symbol id="sm-ba1">
         <name>__mspabi_sral</name>
         <value>0xb58a</value>
         <object_component_ref idref="oc-783"/>
      </symbol>
      <symbol id="sm-ba2">
         <name>__mspabi_sral_15</name>
         <value>0xb2ee</value>
         <object_component_ref idref="oc-801"/>
      </symbol>
      <symbol id="sm-ba3">
         <name>__mspabi_sral_14</name>
         <value>0xb2f2</value>
         <object_component_ref idref="oc-801"/>
      </symbol>
      <symbol id="sm-ba4">
         <name>__mspabi_sral_13</name>
         <value>0xb2f6</value>
         <object_component_ref idref="oc-801"/>
      </symbol>
      <symbol id="sm-ba5">
         <name>__mspabi_sral_12</name>
         <value>0xb2fa</value>
         <object_component_ref idref="oc-801"/>
      </symbol>
      <symbol id="sm-ba6">
         <name>__mspabi_sral_11</name>
         <value>0xb2fe</value>
         <object_component_ref idref="oc-801"/>
      </symbol>
      <symbol id="sm-ba7">
         <name>__mspabi_sral_10</name>
         <value>0xb302</value>
         <object_component_ref idref="oc-801"/>
      </symbol>
      <symbol id="sm-ba8">
         <name>__mspabi_sral_8</name>
         <value>0xb30a</value>
         <object_component_ref idref="oc-801"/>
      </symbol>
      <symbol id="sm-ba9">
         <name>__mspabi_sral_9</name>
         <value>0xb306</value>
         <object_component_ref idref="oc-801"/>
      </symbol>
      <symbol id="sm-baa">
         <name>__mspabi_sral_6</name>
         <value>0xb312</value>
         <object_component_ref idref="oc-801"/>
      </symbol>
      <symbol id="sm-bab">
         <name>__mspabi_sral_7</name>
         <value>0xb30e</value>
         <object_component_ref idref="oc-801"/>
      </symbol>
      <symbol id="sm-bac">
         <name>__mspabi_sral_4</name>
         <value>0xb31a</value>
         <object_component_ref idref="oc-801"/>
      </symbol>
      <symbol id="sm-bad">
         <name>__mspabi_sral_5</name>
         <value>0xb316</value>
         <object_component_ref idref="oc-801"/>
      </symbol>
      <symbol id="sm-bae">
         <name>__mspabi_sral_2</name>
         <value>0xb322</value>
         <object_component_ref idref="oc-801"/>
      </symbol>
      <symbol id="sm-baf">
         <name>__mspabi_sral_3</name>
         <value>0xb31e</value>
         <object_component_ref idref="oc-801"/>
      </symbol>
      <symbol id="sm-bb0">
         <name>__mspabi_sral_1</name>
         <value>0xb326</value>
         <object_component_ref idref="oc-801"/>
      </symbol>
      <symbol id="sm-bb8">
         <name>__mspabi_srli_8</name>
         <value>0xb124</value>
         <object_component_ref idref="oc-666"/>
      </symbol>
      <symbol id="sm-bb9">
         <name>__mspabi_srli_9</name>
         <value>0xb120</value>
         <object_component_ref idref="oc-666"/>
      </symbol>
      <symbol id="sm-bba">
         <name>__mspabi_srli_6</name>
         <value>0xb12c</value>
         <object_component_ref idref="oc-666"/>
      </symbol>
      <symbol id="sm-bbb">
         <name>__mspabi_srli_7</name>
         <value>0xb128</value>
         <object_component_ref idref="oc-666"/>
      </symbol>
      <symbol id="sm-bbc">
         <name>__mspabi_srli_4</name>
         <value>0xb134</value>
         <object_component_ref idref="oc-666"/>
      </symbol>
      <symbol id="sm-bbd">
         <name>__mspabi_srli_5</name>
         <value>0xb130</value>
         <object_component_ref idref="oc-666"/>
      </symbol>
      <symbol id="sm-bbe">
         <name>__mspabi_srli_2</name>
         <value>0xb13c</value>
         <object_component_ref idref="oc-666"/>
      </symbol>
      <symbol id="sm-bbf">
         <name>__mspabi_srli_3</name>
         <value>0xb138</value>
         <object_component_ref idref="oc-666"/>
      </symbol>
      <symbol id="sm-bc0">
         <name>__mspabi_srli_1</name>
         <value>0xb140</value>
         <object_component_ref idref="oc-666"/>
      </symbol>
      <symbol id="sm-bc1">
         <name>__mspabi_srli</name>
         <value>0xb0fa</value>
         <object_component_ref idref="oc-666"/>
      </symbol>
      <symbol id="sm-bc2">
         <name>__mspabi_srli_15</name>
         <value>0xb108</value>
         <object_component_ref idref="oc-666"/>
      </symbol>
      <symbol id="sm-bc3">
         <name>__mspabi_srli_14</name>
         <value>0xb10c</value>
         <object_component_ref idref="oc-666"/>
      </symbol>
      <symbol id="sm-bc4">
         <name>__mspabi_srli_13</name>
         <value>0xb110</value>
         <object_component_ref idref="oc-666"/>
      </symbol>
      <symbol id="sm-bc5">
         <name>__mspabi_srli_12</name>
         <value>0xb114</value>
         <object_component_ref idref="oc-666"/>
      </symbol>
      <symbol id="sm-bc6">
         <name>__mspabi_srli_11</name>
         <value>0xb118</value>
         <object_component_ref idref="oc-666"/>
      </symbol>
      <symbol id="sm-bc7">
         <name>__mspabi_srli_10</name>
         <value>0xb11c</value>
         <object_component_ref idref="oc-666"/>
      </symbol>
      <symbol id="sm-bd7">
         <name>__mspabi_srll_8</name>
         <value>0xb016</value>
         <object_component_ref idref="oc-8ba"/>
      </symbol>
      <symbol id="sm-bd8">
         <name>__mspabi_srll_9</name>
         <value>0xb010</value>
         <object_component_ref idref="oc-8ba"/>
      </symbol>
      <symbol id="sm-bd9">
         <name>__mspabi_srll_6</name>
         <value>0xb022</value>
         <object_component_ref idref="oc-8ba"/>
      </symbol>
      <symbol id="sm-bda">
         <name>__mspabi_srll_7</name>
         <value>0xb01c</value>
         <object_component_ref idref="oc-8ba"/>
      </symbol>
      <symbol id="sm-bdb">
         <name>__mspabi_srll_4</name>
         <value>0xb02e</value>
         <object_component_ref idref="oc-8ba"/>
      </symbol>
      <symbol id="sm-bdc">
         <name>__mspabi_srll_5</name>
         <value>0xb028</value>
         <object_component_ref idref="oc-8ba"/>
      </symbol>
      <symbol id="sm-bdd">
         <name>__mspabi_srll_2</name>
         <value>0xb03a</value>
         <object_component_ref idref="oc-8ba"/>
      </symbol>
      <symbol id="sm-bde">
         <name>__mspabi_srll_3</name>
         <value>0xb034</value>
         <object_component_ref idref="oc-8ba"/>
      </symbol>
      <symbol id="sm-bdf">
         <name>__mspabi_srll_1</name>
         <value>0xb040</value>
         <object_component_ref idref="oc-8ba"/>
      </symbol>
      <symbol id="sm-be0">
         <name>__mspabi_srll_15</name>
         <value>0xafec</value>
         <object_component_ref idref="oc-8ba"/>
      </symbol>
      <symbol id="sm-be1">
         <name>__mspabi_srll_14</name>
         <value>0xaff2</value>
         <object_component_ref idref="oc-8ba"/>
      </symbol>
      <symbol id="sm-be2">
         <name>__mspabi_srll_13</name>
         <value>0xaff8</value>
         <object_component_ref idref="oc-8ba"/>
      </symbol>
      <symbol id="sm-be3">
         <name>__mspabi_srll_12</name>
         <value>0xaffe</value>
         <object_component_ref idref="oc-8ba"/>
      </symbol>
      <symbol id="sm-be4">
         <name>__mspabi_srll_11</name>
         <value>0xb004</value>
         <object_component_ref idref="oc-8ba"/>
      </symbol>
      <symbol id="sm-be5">
         <name>__mspabi_srll_10</name>
         <value>0xb00a</value>
         <object_component_ref idref="oc-8ba"/>
      </symbol>
      <symbol id="sm-be6">
         <name>__mspabi_srll</name>
         <value>0xb578</value>
         <object_component_ref idref="oc-812"/>
      </symbol>
      <symbol id="sm-bee">
         <name>_stack</name>
         <value>0x2200</value>
         <object_component_ref idref="oc-65d"/>
      </symbol>
      <symbol id="sm-bef">
         <name>_reset_vector</name>
         <value>0xfffe</value>
         <object_component_ref idref="oc-660"/>
      </symbol>
      <symbol id="sm-c0c">
         <name>_auto_init_hold_wdt</name>
         <value>0xacac</value>
         <object_component_ref idref="oc-695"/>
      </symbol>
      <symbol id="sm-c16">
         <name>_c_int00_noargs_noexit</name>
         <value>0xb4c8</value>
         <object_component_ref idref="oc-c0"/>
      </symbol>
      <symbol id="sm-c20">
         <name>C$$EXIT</name>
         <value>0xb5d4</value>
         <object_component_ref idref="oc-6b7"/>
      </symbol>
      <symbol id="sm-c21">
         <name>abort</name>
         <value>0xb5d4</value>
         <object_component_ref idref="oc-6b7"/>
      </symbol>
      <symbol id="sm-c48">
         <name>__mspabi_addd</name>
         <value>0x8ff2</value>
         <object_component_ref idref="oc-7af"/>
      </symbol>
      <symbol id="sm-c55">
         <name>__mspabi_srall</name>
         <value>0xb146</value>
         <object_component_ref idref="oc-7ce"/>
      </symbol>
      <symbol id="sm-c6f">
         <name>__mspabi_cmpd</name>
         <value>0xa576</value>
         <object_component_ref idref="oc-806"/>
      </symbol>
      <symbol id="sm-c87">
         <name>__mspabi_cvtdf</name>
         <value>0xab96</value>
         <object_component_ref idref="oc-835"/>
      </symbol>
      <symbol id="sm-c98">
         <name>__mspabi_cvtfd</name>
         <value>0xaf1c</value>
         <object_component_ref idref="oc-823"/>
      </symbol>
      <symbol id="sm-cb0">
         <name>__mspabi_divlli</name>
         <value>0x9ea8</value>
         <object_component_ref idref="oc-85d"/>
      </symbol>
      <symbol id="sm-ce3">
         <name>__mspabi_divull</name>
         <value>0x8c92</value>
         <object_component_ref idref="oc-8d6"/>
      </symbol>
      <symbol id="sm-d04">
         <name>__mspabi_divd</name>
         <value>0x9c70</value>
         <object_component_ref idref="oc-7df"/>
      </symbol>
      <symbol id="sm-d16">
         <name>__mspabi_fixdlli</name>
         <value>0xa9ca</value>
         <object_component_ref idref="oc-797"/>
      </symbol>
      <symbol id="sm-d26">
         <name>__mspabi_fixdul</name>
         <value>0xaea8</value>
         <object_component_ref idref="oc-81d"/>
      </symbol>
      <symbol id="sm-d39">
         <name>__mspabi_fixdull</name>
         <value>0xa92a</value>
         <object_component_ref idref="oc-817"/>
      </symbol>
      <symbol id="sm-d4c">
         <name>__mspabi_fixfull</name>
         <value>0xab04</value>
         <object_component_ref idref="oc-829"/>
      </symbol>
      <symbol id="sm-d63">
         <name>__mspabi_fltlid</name>
         <value>0xa7d4</value>
         <object_component_ref idref="oc-82f"/>
      </symbol>
      <symbol id="sm-d7b">
         <name>__mspabi_fltllid</name>
         <value>0x9ff0</value>
         <object_component_ref idref="oc-79d"/>
      </symbol>
      <symbol id="sm-d90">
         <name>__mspabi_fltuld</name>
         <value>0xac22</value>
         <object_component_ref idref="oc-83b"/>
      </symbol>
      <symbol id="sm-db1">
         <name>__TI_frcaddd</name>
         <value>0x97ce</value>
         <object_component_ref idref="oc-888"/>
      </symbol>
      <symbol id="sm-dcc">
         <name>__TI_frcdivd</name>
         <value>0x8812</value>
         <object_component_ref idref="oc-898"/>
      </symbol>
      <symbol id="sm-dd6">
         <name>llabs</name>
         <value>0xb4fc</value>
         <object_component_ref idref="oc-8d0"/>
      </symbol>
      <symbol id="sm-de3">
         <name>__mspabi_sllll</name>
         <value>0xb26a</value>
         <object_component_ref idref="oc-7d4"/>
      </symbol>
      <symbol id="sm-df0">
         <name>__mspabi_srlll</name>
         <value>0xb224</value>
         <object_component_ref idref="oc-7eb"/>
      </symbol>
      <symbol id="sm-e12">
         <name>__mspabi_mpyd</name>
         <value>0x9560</value>
         <object_component_ref idref="oc-7a3"/>
      </symbol>
      <symbol id="sm-e1b">
         <name>__mspabi_negd</name>
         <value>0xb47e</value>
         <object_component_ref idref="oc-846"/>
      </symbol>
      <symbol id="sm-e2e">
         <name>__TI_renormd</name>
         <value>0xa716</value>
         <object_component_ref idref="oc-8e7"/>
      </symbol>
      <symbol id="sm-e37">
         <name>__mspabi_subd</name>
         <value>0xb3cc</value>
         <object_component_ref idref="oc-7a9"/>
      </symbol>
      <symbol id="sm-e47">
         <name>__TI_frcmpyd</name>
         <value>0x92da</value>
         <object_component_ref idref="oc-87f"/>
      </symbol>
      <symbol id="sm-e4c">
         <name>__TI_BINIT_Base</name>
         <value>0x0</value>
      </symbol>
      <symbol id="sm-e4d">
         <name>__TI_BINIT_Limit</name>
         <value>0x0</value>
      </symbol>
      <symbol id="sm-e4e">
         <name>__TI_INITARRAY_Base</name>
         <value>0x0</value>
      </symbol>
      <symbol id="sm-e4f">
         <name>__TI_INITARRAY_Limit</name>
         <value>0x0</value>
      </symbol>
   </symbol_table>
   <title>Link successful</title>
</link_info>
